Component: ARM Compiler 5.06 update 5 (build 528) Tool: armlink [4d35e2]

==============================================================================

Section Cross References

    at_cmd.o(i.at_direct_send) refers to usart.o(i.usart2_flush_queue) for usart2_flush_queue
    at_cmd.o(i.at_direct_send) refers to usart.o(i.usart2_puts) for usart2_puts
    at_cmd.o(i.at_send_dummy) refers to usart.o(i.usart2_puts) for usart2_puts
    at_cmd.o(i.at_send_receive) refers to strlen.o(.text) for strlen
    at_cmd.o(i.at_send_receive) refers to usart.o(i.usart2_flush_queue) for usart2_flush_queue
    at_cmd.o(i.at_send_receive) refers to usart.o(i.usart2_puts) for usart2_puts
    at_cmd.o(i.at_send_receive) refers to at_cmd.o(i.at_wait_till_double_newline) for at_wait_till_double_newline
    at_cmd.o(i.at_send_receive) refers to usart.o(i.usart2_getch) for usart2_getch
    at_cmd.o(i.at_send_receive) refers to strncmp.o(.text) for strncmp
    at_cmd.o(i.at_wait_till_double_newline) refers to usart.o(i.usart2_getch) for usart2_getch
    delay.o(i.delay_ms) refers to main.o(.data) for timer_tick
    main.o(i.SysTick_Handler) refers to main.o(.data) for timer_tick
    main.o(i.main) refers to _printf_pad.o(.text) for _printf_pre_padding
    main.o(i.main) refers to _printf_percent.o(.ARM.Collect$$_printf_percent$$00000000) for _printf_percent
    main.o(i.main) refers to _printf_p.o(.ARM.Collect$$_printf_percent$$00000002) for _printf_p
    main.o(i.main) refers to _printf_s.o(.ARM.Collect$$_printf_percent$$00000014) for _printf_s
    main.o(i.main) refers to _printf_n.o(.ARM.Collect$$_printf_percent$$00000001) for _printf_n
    main.o(i.main) refers to _printf_charcount.o(.text) for _printf_charcount
    main.o(i.main) refers to _printf_hex_ptr.o(.text) for _printf_longlong_hex
    main.o(i.main) refers to _printf_str.o(.text) for _printf_str
    main.o(i.main) refers to aeabi_sdiv.o(.text) for __aeabi_uidivmod
    main.o(i.main) refers to main.o(i.NVIC_SetPriority) for NVIC_SetPriority
    main.o(i.main) refers to usart.o(i.usart1_init) for usart1_init
    main.o(i.main) refers to usart.o(i.usart2_init) for usart2_init
    main.o(i.main) refers to usart.o(i.usart1_puts) for usart1_puts
    main.o(i.main) refers to delay.o(i.delay_ms) for delay_ms
    main.o(i.main) refers to wifi.o(i.wifi_init) for wifi_init
    main.o(i.main) refers to usart.o(i.usart1_getch) for usart1_getch
    main.o(i.main) refers to usart.o(i.usart1_putch) for usart1_putch
    main.o(i.main) refers to wifi.o(i.wifi_connect_router) for wifi_connect_router
    main.o(i.main) refers to wifi.o(i.wifi_open_conn) for wifi_open_conn
    main.o(i.main) refers to noretval__2sprintf.o(.text) for __2sprintf
    main.o(i.main) refers to strlen.o(.text) for strlen
    main.o(i.main) refers to wifi.o(i.wifi_send_req) for wifi_send_req
    main.o(i.main) refers to usart.o(i.usart2_getch) for usart2_getch
    main.o(i.main) refers to strncmp.o(.text) for strncmp
    main.o(i.main) refers to system_stm32f0xx.o(.data) for SystemCoreClock
    main.o(i.main) refers to main.o(.data) for http_req
    main.o(.data) refers to main.o(.conststring) for .conststring
    usart.o(i.USART1_IRQHandler) refers to stm32f0xx_usart.o(i.USART_GetITStatus) for USART_GetITStatus
    usart.o(i.USART1_IRQHandler) refers to stm32f0xx_usart.o(i.USART_ReceiveData) for USART_ReceiveData
    usart.o(i.USART1_IRQHandler) refers to stm32f0xx_usart.o(i.USART_SendData) for USART_SendData
    usart.o(i.USART1_IRQHandler) refers to stm32f0xx_usart.o(i.USART_GetFlagStatus) for USART_GetFlagStatus
    usart.o(i.USART2_IRQHandler) refers to stm32f0xx_usart.o(i.USART_GetITStatus) for USART_GetITStatus
    usart.o(i.USART2_IRQHandler) refers to stm32f0xx_usart.o(i.USART_ReceiveData) for USART_ReceiveData
    usart.o(i.USART2_IRQHandler) refers to usart.o(.data) for usart2_buffer_write_index
    usart.o(i.USART2_IRQHandler) refers to usart.o(.bss) for usart2_data_buffer
    usart.o(i.usart1_getch) refers to stm32f0xx_usart.o(i.USART_GetFlagStatus) for USART_GetFlagStatus
    usart.o(i.usart1_getch) refers to stm32f0xx_usart.o(i.USART_ReceiveData) for USART_ReceiveData
    usart.o(i.usart1_init) refers to stm32f0xx_gpio.o(i.GPIO_PinAFConfig) for GPIO_PinAFConfig
    usart.o(i.usart1_init) refers to stm32f0xx_gpio.o(i.GPIO_Init) for GPIO_Init
    usart.o(i.usart1_init) refers to stm32f0xx_usart.o(i.USART_Init) for USART_Init
    usart.o(i.usart1_init) refers to stm32f0xx_usart.o(i.USART_Cmd) for USART_Cmd
    usart.o(i.usart1_putch) refers to stm32f0xx_usart.o(i.USART_GetFlagStatus) for USART_GetFlagStatus
    usart.o(i.usart1_putch) refers to stm32f0xx_usart.o(i.USART_SendData) for USART_SendData
    usart.o(i.usart1_puti) refers to util.o(i.int_to_str) for int_to_str
    usart.o(i.usart1_puti) refers to usart.o(i.usart1_puts) for usart1_puts
    usart.o(i.usart1_puts) refers to usart.o(i.usart1_putch) for usart1_putch
[...]
    Removing stm32f0xx_rtc.o(i.RTC_RefClockCmd), (76 bytes).
    Removing stm32f0xx_rtc.o(i.RTC_SetAlarm), (216 bytes).
    Removing stm32f0xx_rtc.o(i.RTC_SetDate), (208 bytes).
    Removing stm32f0xx_rtc.o(i.RTC_SetTime), (216 bytes).
    Removing stm32f0xx_rtc.o(i.RTC_SmoothCalibConfig), (96 bytes).
    Removing stm32f0xx_rtc.o(i.RTC_StructInit), (14 bytes).
    Removing stm32f0xx_rtc.o(i.RTC_SynchroShiftConfig), (124 bytes).
    Removing stm32f0xx_rtc.o(i.RTC_TamperCmd), (32 bytes).
    Removing stm32f0xx_rtc.o(i.RTC_TamperFilterConfig), (28 bytes).
    Removing stm32f0xx_rtc.o(i.RTC_TamperPinsPrechargeDuration), (28 bytes).
    Removing stm32f0xx_rtc.o(i.RTC_TamperPullUpCmd), (40 bytes).
    Removing stm32f0xx_rtc.o(i.RTC_TamperSamplingFreqConfig), (28 bytes).
    Removing stm32f0xx_rtc.o(i.RTC_TamperTriggerConfig), (36 bytes).
    Removing stm32f0xx_rtc.o(i.RTC_TimeStampCmd), (64 bytes).
    Removing stm32f0xx_rtc.o(i.RTC_TimeStampOnTamperDetectionCmd), (36 bytes).
    Removing stm32f0xx_rtc.o(i.RTC_TimeStructInit), (12 bytes).
    Removing stm32f0xx_rtc.o(i.RTC_WaitForSynchro), (108 bytes).
    Removing stm32f0xx_rtc.o(i.RTC_WriteBackupRegister), (28 bytes).
    Removing stm32f0xx_rtc.o(i.RTC_WriteProtectionCmd), (28 bytes).
    Removing stm32f0xx_spi.o(.emb_text), (8 bytes).
    Removing stm32f0xx_spi.o(i.I2S_Cmd), (32 bytes).
    Removing stm32f0xx_spi.o(i.I2S_Init), (232 bytes).
    Removing stm32f0xx_spi.o(i.I2S_StructInit), (20 bytes).
    Removing stm32f0xx_spi.o(i.SPI_BiDirectionalLineConfig), (32 bytes).
    Removing stm32f0xx_spi.o(i.SPI_CRCLengthConfig), (20 bytes).
    Removing stm32f0xx_spi.o(i.SPI_CalculateCRC), (32 bytes).
    Removing stm32f0xx_spi.o(i.SPI_Cmd), (28 bytes).
    Removing stm32f0xx_spi.o(i.SPI_DataSizeConfig), (24 bytes).
    Removing stm32f0xx_spi.o(i.SPI_GetCRC), (16 bytes).
    Removing stm32f0xx_spi.o(i.SPI_GetCRCPolynomial), (6 bytes).
    Removing stm32f0xx_spi.o(i.SPI_GetReceptionFIFOStatus), (12 bytes).
    Removing stm32f0xx_spi.o(i.SPI_GetTransmissionFIFOStatus), (12 bytes).
    Removing stm32f0xx_spi.o(i.SPI_I2S_ClearFlag), (6 bytes).
    Removing stm32f0xx_spi.o(i.SPI_I2S_DMACmd), (20 bytes).
    Removing stm32f0xx_spi.o(i.SPI_I2S_DeInit), (60 bytes).
    Removing stm32f0xx_spi.o(i.SPI_I2S_GetFlagStatus), (20 bytes).
    Removing stm32f0xx_spi.o(i.SPI_I2S_GetITStatus), (56 bytes).
    Removing stm32f0xx_spi.o(i.SPI_I2S_ITConfig), (34 bytes).
    Removing stm32f0xx_spi.o(i.SPI_I2S_ReceiveData16), (6 bytes).
    Removing stm32f0xx_spi.o(i.SPI_I2S_SendData16), (4 bytes).
    Removing stm32f0xx_spi.o(i.SPI_Init), (88 bytes).
    Removing stm32f0xx_spi.o(i.SPI_LastDMATransferCmd), (20 bytes).
    Removing stm32f0xx_spi.o(i.SPI_NSSInternalSoftwareConfig), (32 bytes).
    Removing stm32f0xx_spi.o(i.SPI_NSSPulseModeCmd), (28 bytes).
    Removing stm32f0xx_spi.o(i.SPI_ReceiveData8), (12 bytes).
    Removing stm32f0xx_spi.o(i.SPI_RxFIFOThresholdConfig), (20 bytes).
    Removing stm32f0xx_spi.o(i.SPI_SSOutputCmd), (28 bytes).
    Removing stm32f0xx_spi.o(i.SPI_SendData8), (10 bytes).
    Removing stm32f0xx_spi.o(i.SPI_StructInit), (30 bytes).
    Removing stm32f0xx_spi.o(i.SPI_TIModeCmd), (28 bytes).
    Removing stm32f0xx_spi.o(i.SPI_TransmitCRC), (12 bytes).
    Removing stm32f0xx_syscfg.o(.emb_text), (8 bytes).
    Removing stm32f0xx_syscfg.o(i.SYSCFG_BreakConfig), (16 bytes).
    Removing stm32f0xx_syscfg.o(i.SYSCFG_ClearFlag), (16 bytes).
    Removing stm32f0xx_syscfg.o(i.SYSCFG_DMAChannelRemapConfig), (32 bytes).
    Removing stm32f0xx_syscfg.o(i.SYSCFG_DeInit), (44 bytes).
    Removing stm32f0xx_syscfg.o(i.SYSCFG_EXTILineConfig), (64 bytes).
    Removing stm32f0xx_syscfg.o(i.SYSCFG_GetFlagStatus), (32 bytes).
    Removing stm32f0xx_syscfg.o(i.SYSCFG_I2CFastModePlusConfig), (32 bytes).
    Removing stm32f0xx_syscfg.o(i.SYSCFG_MemoryRemapConfig), (28 bytes).
    Removing stm32f0xx_tim.o(.emb_text), (8 bytes).
    Removing stm32f0xx_tim.o(i.TI1_Config), (56 bytes).
    Removing stm32f0xx_tim.o(i.TI2_Config), (76 bytes).
    Removing stm32f0xx_tim.o(i.TI3_Config), (72 bytes).
    Removing stm32f0xx_tim.o(i.TI4_Config), (80 bytes).
    Removing stm32f0xx_tim.o(i.TIM_ARRPreloadConfig), (28 bytes).
    Removing stm32f0xx_tim.o(i.TIM_BDTRConfig), (32 bytes).
    Removing stm32f0xx_tim.o(i.TIM_BDTRStructInit), (18 bytes).
    Removing stm32f0xx_tim.o(i.TIM_CCPreloadControl), (28 bytes).
    Removing stm32f0xx_tim.o(i.TIM_CCxCmd), (30 bytes).
    Removing stm32f0xx_tim.o(i.TIM_CCxNCmd), (30 bytes).
    Removing stm32f0xx_tim.o(i.TIM_ClearFlag), (6 bytes).
    Removing stm32f0xx_tim.o(i.TIM_ClearITPendingBit), (6 bytes).
    Removing stm32f0xx_tim.o(i.TIM_ClearOC1Ref), (24 bytes).
    Removing stm32f0xx_tim.o(i.TIM_ClearOC2Ref), (20 bytes).
    Removing stm32f0xx_tim.o(i.TIM_ClearOC3Ref), (24 bytes).
    Removing stm32f0xx_tim.o(i.TIM_ClearOC4Ref), (20 bytes).
    Removing stm32f0xx_tim.o(i.TIM_Cmd), (28 bytes).
    Removing stm32f0xx_tim.o(i.TIM_CounterModeConfig), (24 bytes).
    Removing stm32f0xx_tim.o(i.TIM_CtrlPWMOutputs), (34 bytes).
    Removing stm32f0xx_tim.o(i.TIM_DMACmd), (20 bytes).
    Removing stm32f0xx_tim.o(i.TIM_DMAConfig), (12 bytes).
    Removing stm32f0xx_tim.o(i.TIM_DeInit), (232 bytes).
    Removing stm32f0xx_tim.o(i.TIM_ETRClockMode1Config), (52 bytes).
    Removing stm32f0xx_tim.o(i.TIM_ETRClockMode2Config), (34 bytes).
    Removing stm32f0xx_tim.o(i.TIM_ETRConfig), (24 bytes).
    Removing stm32f0xx_tim.o(i.TIM_EncoderInterfaceConfig), (68 bytes).
    Removing stm32f0xx_tim.o(i.TIM_ForcedOC1Config), (24 bytes).
    Removing stm32f0xx_tim.o(i.TIM_ForcedOC2Config), (24 bytes).
    Removing stm32f0xx_tim.o(i.TIM_ForcedOC3Config), (24 bytes).
    Removing stm32f0xx_tim.o(i.TIM_ForcedOC4Config), (24 bytes).
    Removing stm32f0xx_tim.o(i.TIM_GenerateEvent), (4 bytes).
    Removing stm32f0xx_tim.o(i.TIM_GetCapture1), (6 bytes).
    Removing stm32f0xx_tim.o(i.TIM_GetCapture2), (6 bytes).
    Removing stm32f0xx_tim.o(i.TIM_GetCapture3), (6 bytes).
    Removing stm32f0xx_tim.o(i.TIM_GetCapture4), (6 bytes).
    Removing stm32f0xx_tim.o(i.TIM_GetCounter), (6 bytes).
    Removing stm32f0xx_tim.o(i.TIM_GetFlagStatus), (20 bytes).
    Removing stm32f0xx_tim.o(i.TIM_GetITStatus), (38 bytes).
    Removing stm32f0xx_tim.o(i.TIM_GetPrescaler), (6 bytes).
    Removing stm32f0xx_tim.o(i.TIM_ICInit), (112 bytes).
    Removing stm32f0xx_tim.o(i.TIM_ICStructInit), (18 bytes).
    Removing stm32f0xx_tim.o(i.TIM_ITConfig), (20 bytes).
    Removing stm32f0xx_tim.o(i.TIM_ITRxExternalClockConfig), (24 bytes).
    Removing stm32f0xx_tim.o(i.TIM_InternalClockConfig), (16 bytes).
    Removing stm32f0xx_tim.o(i.TIM_OC1FastConfig), (24 bytes).
    Removing stm32f0xx_tim.o(i.TIM_OC1Init), (148 bytes).
    Removing stm32f0xx_tim.o(i.TIM_OC1NPolarityConfig), (24 bytes).
    Removing stm32f0xx_tim.o(i.TIM_OC1PolarityConfig), (24 bytes).
    Removing stm32f0xx_tim.o(i.TIM_OC1PreloadConfig), (24 bytes).
    Removing stm32f0xx_tim.o(i.TIM_OC2FastConfig), (24 bytes).
    Removing stm32f0xx_tim.o(i.TIM_OC2Init), (156 bytes).
    Removing stm32f0xx_tim.o(i.TIM_OC2NPolarityConfig), (24 bytes).
    Removing stm32f0xx_tim.o(i.TIM_OC2PolarityConfig), (24 bytes).
    Removing stm32f0xx_tim.o(i.TIM_OC2PreloadConfig), (24 bytes).
    Removing stm32f0xx_tim.o(i.TIM_OC3FastConfig), (24 bytes).
    Removing stm32f0xx_tim.o(i.TIM_OC3Init), (152 bytes).
    Removing stm32f0xx_tim.o(i.TIM_OC3NPolarityConfig), (24 bytes).
    Removing stm32f0xx_tim.o(i.TIM_OC3PolarityConfig), (24 bytes).
    Removing stm32f0xx_tim.o(i.TIM_OC3PreloadConfig), (24 bytes).
    Removing stm32f0xx_tim.o(i.TIM_OC4FastConfig), (24 bytes).
    Removing stm32f0xx_tim.o(i.TIM_OC4Init), (112 bytes).
    Removing stm32f0xx_tim.o(i.TIM_OC4PolarityConfig), (24 bytes).
    Removing stm32f0xx_tim.o(i.TIM_OC4PreloadConfig), (24 bytes).
    Removing stm32f0xx_tim.o(i.TIM_OCStructInit), (20 bytes).
    Removing stm32f0xx_tim.o(i.TIM_PWMIConfig), (124 bytes).
    Removing stm32f0xx_tim.o(i.TIM_PrescalerConfig), (6 bytes).
    Removing stm32f0xx_tim.o(i.TIM_RemapConfig), (6 bytes).
    Removing stm32f0xx_tim.o(i.TIM_SelectCCDMA), (28 bytes).
    Removing stm32f0xx_tim.o(i.TIM_SelectCOM), (28 bytes).
    Removing stm32f0xx_tim.o(i.TIM_SelectHallSensor), (28 bytes).
    Removing stm32f0xx_tim.o(i.TIM_SelectInputTrigger), (24 bytes).
    Removing stm32f0xx_tim.o(i.TIM_SelectMasterSlaveMode), (20 bytes).
    Removing stm32f0xx_tim.o(i.TIM_SelectOCREFClear), (20 bytes).
    Removing stm32f0xx_tim.o(i.TIM_SelectOCxM), (82 bytes).
    Removing stm32f0xx_tim.o(i.TIM_SelectOnePulseMode), (20 bytes).
    Removing stm32f0xx_tim.o(i.TIM_SelectOutputTrigger), (20 bytes).
    Removing stm32f0xx_tim.o(i.TIM_SelectSlaveMode), (20 bytes).
    Removing stm32f0xx_tim.o(i.TIM_SetAutoreload), (4 bytes).
    Removing stm32f0xx_tim.o(i.TIM_SetClockDivision), (20 bytes).
    Removing stm32f0xx_tim.o(i.TIM_SetCompare1), (4 bytes).
    Removing stm32f0xx_tim.o(i.TIM_SetCompare2), (4 bytes).
    Removing stm32f0xx_tim.o(i.TIM_SetCompare3), (4 bytes).
    Removing stm32f0xx_tim.o(i.TIM_SetCompare4), (4 bytes).
    Removing stm32f0xx_tim.o(i.TIM_SetCounter), (4 bytes).
    Removing stm32f0xx_tim.o(i.TIM_SetIC1Prescaler), (20 bytes).
    Removing stm32f0xx_tim.o(i.TIM_SetIC2Prescaler), (24 bytes).
    Removing stm32f0xx_tim.o(i.TIM_SetIC3Prescaler), (20 bytes).
    Removing stm32f0xx_tim.o(i.TIM_SetIC4Prescaler), (24 bytes).
    Removing stm32f0xx_tim.o(i.TIM_TIxExternalClockConfig), (58 bytes).
    Removing stm32f0xx_tim.o(i.TIM_TimeBaseInit), (124 bytes).
    Removing stm32f0xx_tim.o(i.TIM_TimeBaseStructInit), (18 bytes).
    Removing stm32f0xx_tim.o(i.TIM_UpdateDisableConfig), (28 bytes).
    Removing stm32f0xx_tim.o(i.TIM_UpdateRequestConfig), (28 bytes).
    Removing stm32f0xx_usart.o(.emb_text), (8 bytes).
    Removing stm32f0xx_usart.o(i.USART_AddressDetectionConfig), (16 bytes).
    Removing stm32f0xx_usart.o(i.USART_AutoBaudRateCmd), (28 bytes).
    Removing stm32f0xx_usart.o(i.USART_AutoBaudRateConfig), (18 bytes).
    Removing stm32f0xx_usart.o(i.USART_ClearFlag), (4 bytes).
    Removing stm32f0xx_usart.o(i.USART_ClearITPendingBit), (18 bytes).
    Removing stm32f0xx_usart.o(i.USART_ClockInit), (36 bytes).
    Removing stm32f0xx_usart.o(i.USART_ClockStructInit), (12 bytes).
    Removing stm32f0xx_usart.o(i.USART_DECmd), (28 bytes).
    Removing stm32f0xx_usart.o(i.USART_DEPolarityConfig), (18 bytes).
    Removing stm32f0xx_usart.o(i.USART_DMACmd), (20 bytes).
    Removing stm32f0xx_usart.o(i.USART_DMAReceptionErrorConfig), (18 bytes).
    Removing stm32f0xx_usart.o(i.USART_DataInvCmd), (28 bytes).
    Removing stm32f0xx_usart.o(i.USART_DeInit), (64 bytes).
    Removing stm32f0xx_usart.o(i.USART_DirectionModeCmd), (20 bytes).
    Removing stm32f0xx_usart.o(i.USART_HalfDuplexCmd), (24 bytes).
    Removing stm32f0xx_usart.o(i.USART_InvPinCmd), (20 bytes).
    Removing stm32f0xx_usart.o(i.USART_IrDACmd), (24 bytes).
    Removing stm32f0xx_usart.o(i.USART_IrDAConfig), (16 bytes).
    Removing stm32f0xx_usart.o(i.USART_LINBreakDetectLengthConfig), (16 bytes).
    Removing stm32f0xx_usart.o(i.USART_LINCmd), (28 bytes).
    Removing stm32f0xx_usart.o(i.USART_MSBFirstCmd), (28 bytes).
    Removing stm32f0xx_usart.o(i.USART_MuteModeCmd), (28 bytes).
    Removing stm32f0xx_usart.o(i.USART_MuteModeWakeUpConfig), (18 bytes).
    Removing stm32f0xx_usart.o(i.USART_OneBitMethodCmd), (28 bytes).
    Removing stm32f0xx_usart.o(i.USART_OverSampling8Cmd), (28 bytes).
    Removing stm32f0xx_usart.o(i.USART_OverrunDetectionConfig), (18 bytes).
    Removing stm32f0xx_usart.o(i.USART_ReceiverTimeOutCmd), (28 bytes).
    Removing stm32f0xx_usart.o(i.USART_RequestCmd), (20 bytes).
    Removing stm32f0xx_usart.o(i.USART_STOPModeCmd), (24 bytes).
    Removing stm32f0xx_usart.o(i.USART_SWAPPinCmd), (28 bytes).
    Removing stm32f0xx_usart.o(i.USART_SetAddress), (18 bytes).
    Removing stm32f0xx_usart.o(i.USART_SetAutoRetryCount), (20 bytes).
    Removing stm32f0xx_usart.o(i.USART_SetBlockLength), (18 bytes).
    Removing stm32f0xx_usart.o(i.USART_SetDEAssertionTime), (20 bytes).
    Removing stm32f0xx_usart.o(i.USART_SetDEDeassertionTime), (20 bytes).
    Removing stm32f0xx_usart.o(i.USART_SetGuardTime), (16 bytes).
    Removing stm32f0xx_usart.o(i.USART_SetPrescaler), (18 bytes).
    Removing stm32f0xx_usart.o(i.USART_SetReceiverTimeOut), (16 bytes).
    Removing stm32f0xx_usart.o(i.USART_SmartCardCmd), (24 bytes).
    Removing stm32f0xx_usart.o(i.USART_SmartCardNACKCmd), (24 bytes).
    Removing stm32f0xx_usart.o(i.USART_StopModeWakeUpSourceConfig), (18 bytes).
    Removing stm32f0xx_usart.o(i.USART_StructInit), (24 bytes).
    Removing stm32f0xx_wwdg.o(.emb_text), (8 bytes).
    Removing stm32f0xx_wwdg.o(i.WWDG_ClearFlag), (12 bytes).
    Removing stm32f0xx_wwdg.o(i.WWDG_DeInit), (22 bytes).
    Removing stm32f0xx_wwdg.o(i.WWDG_Enable), (16 bytes).
    Removing stm32f0xx_wwdg.o(i.WWDG_EnableIT), (20 bytes).
    Removing stm32f0xx_wwdg.o(i.WWDG_GetFlagStatus), (24 bytes).
    Removing stm32f0xx_wwdg.o(i.WWDG_SetCounter), (16 bytes).
    Removing stm32f0xx_wwdg.o(i.WWDG_SetPrescaler), (32 bytes).
    Removing stm32f0xx_wwdg.o(i.WWDG_SetWindowValue), (40 bytes).

503 unused section(s) (total 17202 bytes) removed from the image.

==============================================================================

Image Symbol Table

    Local Symbols

    Symbol Name                              Value     Ov Type        Size  Object(Section)

    ../clib/angel/boardlib.s                 0x00000000   Number         0  boardinit2.o ABSOLUTE
    ../clib/angel/boardlib.s                 0x00000000   Number         0  boardinit1.o ABSOLUTE
    ../clib/angel/boardlib.s                 0x00000000   Number         0  boardshut.o ABSOLUTE
    ../clib/angel/boardlib.s                 0x00000000   Number         0  boardinit3.o ABSOLUTE
    ../clib/angel/handlers.s                 0x00000000   Number         0  __scatter_zi.o ABSOLUTE
    ../clib/angel/handlers.s                 0x00000000   Number         0  __scatter_copy.o ABSOLUTE
    ../clib/angel/kernel.s                   0x00000000   Number         0  rtexit.o ABSOLUTE
    ../clib/angel/kernel.s                   0x00000000   Number         0  rtexit2.o ABSOLUTE
    ../clib/angel/kernel.s                   0x00000000   Number         0  __rtentry4.o ABSOLUTE
    ../clib/angel/kernel.s                   0x00000000   Number         0  __rtentry2.o ABSOLUTE
    ../clib/angel/kernel.s                   0x00000000   Number         0  __rtentry.o ABSOLUTE
    ../clib/angel/rt.s                       0x00000000   Number         0  rt_div0.o ABSOLUTE
    ../clib/angel/rt.s                       0x00000000   Number         0  aeabi_idiv0_sigfpe.o ABSOLUTE
    ../clib/angel/rt.s                       0x00000000   Number         0  rt_heap_descriptor.o ABSOLUTE
    ../clib/angel/rt.s                       0x00000000   Number         0  aeabi_idiv0.o ABSOLUTE
    ../clib/angel/rt.s                       0x00000000   Number         0  rt_heap_descriptor_intlibspace.o ABSOLUTE
    ../clib/angel/rt.s                       0x00000000   Number         0  rt_raise.o ABSOLUTE
    ../clib/angel/scatterp.s                 0x00000000   Number         0  __scatter.o ABSOLUTE
    ../clib/angel/startup.s                  0x00000000   Number         0  __main.o ABSOLUTE
    ../clib/angel/sys.s                      0x00000000   Number         0  use_no_semi.o ABSOLUTE
    ../clib/angel/sys.s                      0x00000000   Number         0  mutex_dummy.o ABSOLUTE
    ../clib/angel/sys.s                      0x00000000   Number         0  tempstk.o ABSOLUTE
    ../clib/angel/sys.s                      0x00000000   Number         0  libspace.o ABSOLUTE
    ../clib/angel/sys.s                      0x00000000   Number         0  sys_stackheap_outer.o ABSOLUTE
    ../clib/angel/sys.s                      0x00000000   Number         0  indicate_semi.o ABSOLUTE
    ../clib/angel/sysapp.c                   0x00000000   Number         0  sys_command.o ABSOLUTE
    ../clib/angel/sysapp.c                   0x00000000   Number         0  sys_exit.o ABSOLUTE
    ../clib/angel/sysapp.c                   0x00000000   Number         0  sys_wrch.o ABSOLUTE
    ../clib/armsys.c                         0x00000000   Number         0  _get_argv_nomalloc.o ABSOLUTE
    ../clib/armsys.c                         0x00000000   Number         0  argv_veneer.o ABSOLUTE
    ../clib/armsys.c                         0x00000000   Number         0  no_argv.o ABSOLUTE
    ../clib/armsys.c                         0x00000000   Number         0  _get_argv.o ABSOLUTE
    ../clib/division.s                       0x00000000   Number         0  aeabi_sdiv.o ABSOLUTE
    ../clib/division.s                       0x00000000   Number         0  aeabi_sdiv_div0.o ABSOLUTE
    ../clib/heap1.c                          0x00000000   Number         0  h1_free_mt.o ABSOLUTE
    ../clib/heap1.c                          0x00000000   Number         0  h1_alloc_mt.o ABSOLUTE
    ../clib/heap1.c                          0x00000000   Number         0  h1_alloc.o ABSOLUTE
    ../clib/heap1.c                          0x00000000   Number         0  h1_init.o ABSOLUTE
    ../clib/heap1.c                          0x00000000   Number         0  h1_final.o ABSOLUTE
    ../clib/heap1.c                          0x00000000   Number         0  h1_free.o ABSOLUTE
    ../clib/heap1.c                          0x00000000   Number         0  h1_extend.o ABSOLUTE
    ../clib/heap1.c                          0x00000000   Number         0  h1_init_mt.o ABSOLUTE
    ../clib/heap1.c                          0x00000000   Number         0  h1_final_mt.o ABSOLUTE
    ../clib/heap1.c                          0x00000000   Number         0  h1_extend_mt.o ABSOLUTE
    ../clib/heap2.c                          0x00000000   Number         0  heap2.o ABSOLUTE
    ../clib/heap2.c                          0x00000000   Number         0  heap2mt.o ABSOLUTE
    ../clib/heap2.c                          0x00000000   Number         0  fdtree.o ABSOLUTE
    ../clib/heapalloc.c                      0x00000000   Number         0  maybetermalloc1.o ABSOLUTE
    ../clib/heapalloc.c                      0x00000000   Number         0  heapstubs.o ABSOLUTE
    ../clib/heapalloc.c                      0x00000000   Number         0  hrguard.o ABSOLUTE
    ../clib/heapalloc.c                      0x00000000   Number         0  hguard.o ABSOLUTE
    ../clib/heapalloc.c                      0x00000000   Number         0  init_alloc.o ABSOLUTE
    ../clib/heapalloc.c                      0x00000000   Number         0  free.o ABSOLUTE
    ../clib/heapalloc.c                      0x00000000   Number         0  malloc.o ABSOLUTE
    ../clib/heapalloc.c                      0x00000000   Number         0  maybetermalloc2.o ABSOLUTE
    ../clib/heapalloc.c                      0x00000000   Number         0  term_alloc.o ABSOLUTE
    ../clib/heapalloc.c                      0x00000000   Number         0  maybetermalloc2.o ABSOLUTE
    ../clib/heapalloc.c                      0x00000000   Number         0  maybetermalloc1.o ABSOLUTE
    ../clib/heapaux.c                        0x00000000   Number         0  heapauxi.o ABSOLUTE
    ../clib/heapaux.c                        0x00000000   Number         0  heapauxa.o ABSOLUTE
    ../clib/libinit.s                        0x00000000   Number         0  libinit.o ABSOLUTE
    ../clib/libinit.s                        0x00000000   Number         0  libinit2.o ABSOLUTE
    ../clib/libinit.s                        0x00000000   Number         0  libshutdown2.o ABSOLUTE
    ../clib/libinit.s                        0x00000000   Number         0  libshutdown.o ABSOLUTE
    ../clib/memcpset.c                       0x00000000   Number         0  rt_memcpy.o ABSOLUTE
    ../clib/memcpset.c                       0x00000000   Number         0  rt_memcpy.o ABSOLUTE
    ../clib/misc.s                           0x00000000   Number         0  printf_stubs.o ABSOLUTE
    ../clib/printf.c                         0x00000000   Number         0  __printf_nopercent.o ABSOLUTE
    ../clib/printf.c                         0x00000000   Number         0  noretval__2sprintf.o ABSOLUTE
    ../clib/printf.c                         0x00000000   Number         0  __2sprintf.o ABSOLUTE
    ../clib/printf.c                         0x00000000   Number         0  _printf_hex_int_ll_ptr.o ABSOLUTE
    ../clib/printf.c                         0x00000000   Number         0  __printf_flags.o ABSOLUTE
    ../clib/printf.c                         0x00000000   Number         0  __printf_ss.o ABSOLUTE
    ../clib/printf.c                         0x00000000   Number         0  _printf_char.o ABSOLUTE
    ../clib/printf.c                         0x00000000   Number         0  __printf_flags_ss.o ABSOLUTE
    ../clib/printf.c                         0x00000000   Number         0  __printf_wp.o ABSOLUTE
    ../clib/printf.c                         0x00000000   Number         0  __printf_flags_wp.o ABSOLUTE
    ../clib/printf.c                         0x00000000   Number         0  _printf_charcount.o ABSOLUTE
    ../clib/printf.c                         0x00000000   Number         0  __printf_ss_wp.o ABSOLUTE
    ../clib/printf.c                         0x00000000   Number         0  __printf_flags_ss_wp.o ABSOLUTE
    ../clib/printf.c                         0x00000000   Number         0  _printf_intcommon.o ABSOLUTE
    ../clib/printf.c                         0x00000000   Number         0  _printf_hex_ll_ptr.o ABSOLUTE
    ../clib/printf.c                         0x00000000   Number         0  _printf_str.o ABSOLUTE
    ../clib/printf.c                         0x00000000   Number         0  _printf_hex_ptr.o ABSOLUTE
    ../clib/printf.c                         0x00000000   Number         0  _sputc.o ABSOLUTE
    ../clib/printf.c                         0x00000000   Number         0  _printf_char_common.o ABSOLUTE
    ../clib/printf.c                         0x00000000   Number         0  _printf_pad.o ABSOLUTE
    ../clib/printf.c                         0x00000000   Number         0  _printf_hex_int_ll.o ABSOLUTE
    ../clib/printf.c                         0x00000000   Number         0  _printf_hex_int.o ABSOLUTE
    ../clib/printf.c                         0x00000000   Number         0  _printf_hex_ll.o ABSOLUTE
    ../clib/printf.c                         0x00000000   Number         0  __printf.o ABSOLUTE
    ../clib/printf.c                         0x00000000   Number         0  _printf_hex_int_ptr.o ABSOLUTE
    ../clib/printf_percent.s                 0x00000000   Number         0  _printf_p.o ABSOLUTE
    ../clib/printf_percent.s                 0x00000000   Number         0  _printf_percent.o ABSOLUTE
    ../clib/printf_percent.s                 0x00000000   Number         0  _printf_n.o ABSOLUTE
    ../clib/printf_percent.s                 0x00000000   Number         0  _printf_percent_end.o ABSOLUTE
    ../clib/printf_percent.s                 0x00000000   Number         0  _printf_s.o ABSOLUTE
    ../clib/signal.c                         0x00000000   Number         0  defsig_rtmem_outer.o ABSOLUTE
    ../clib/signal.c                         0x00000000   Number         0  defsig_fpe_inner.o ABSOLUTE
    ../clib/signal.c                         0x00000000   Number         0  defsig_fpe_formal.o ABSOLUTE
    ../clib/signal.c                         0x00000000   Number         0  defsig_general.o ABSOLUTE
    ../clib/signal.c                         0x00000000   Number         0  __raise.o ABSOLUTE
    ../clib/signal.c                         0x00000000   Number         0  defsig_abrt_inner.o ABSOLUTE
    ../clib/signal.c                         0x00000000   Number         0  defsig_rtred_inner.o ABSOLUTE
    ../clib/signal.c                         0x00000000   Number         0  defsig_stak_inner.o ABSOLUTE
    ../clib/signal.c                         0x00000000   Number         0  defsig_pvfn_inner.o ABSOLUTE
    ../clib/signal.c                         0x00000000   Number         0  defsig_cppl_inner.o ABSOLUTE
    ../clib/signal.c                         0x00000000   Number         0  defsig_segv_inner.o ABSOLUTE
    ../clib/signal.c                         0x00000000   Number         0  defsig_other.o ABSOLUTE
    ../clib/signal.c                         0x00000000   Number         0  defsig_rtmem_inner.o ABSOLUTE
    ../clib/signal.c                         0x00000000   Number         0  defsig_fpe_outer.o ABSOLUTE
    ../clib/signal.c                         0x00000000   Number         0  defsig_exit.o ABSOLUTE
    ../clib/signal.c                         0x00000000   Number         0  defsig_rtmem_formal.o ABSOLUTE
    ../clib/signal.s                         0x00000000   Number         0  defsig.o ABSOLUTE
    ../clib/stdlib.c                         0x00000000   Number         0  exit.o ABSOLUTE
    ../clib/string.c                         0x00000000   Number         0  strncmp.o ABSOLUTE
    ../clib/string.c                         0x00000000   Number         0  strcpy.o ABSOLUTE
    ../clib/string.c                         0x00000000   Number         0  strlen.o ABSOLUTE
    ../fplib/cfplib/fpinit.c                 0x00000000   Number         0  fpinit.o ABSOLUTE
    dc.s                                     0x00000000   Number         0  dc.o ABSOLUTE
    libraries\CMSIS\Device\ST\STM32F0xx\Source\Templates\system_stm32f0xx.c 0x00000000   Number         0  system_stm32f0xx.o ABSOLUTE
    libraries\STM32F0xx_StdPeriph_Driver\src\stm32f0xx_adc.c 0x00000000   Number         0  stm32f0xx_adc.o ABSOLUTE
    libraries\STM32F0xx_StdPeriph_Driver\src\stm32f0xx_cec.c 0x00000000   Number         0  stm32f0xx_cec.o ABSOLUTE
    libraries\STM32F0xx_StdPeriph_Driver\src\stm32f0xx_comp.c 0x00000000   Number         0  stm32f0xx_comp.o ABSOLUTE
    libraries\STM32F0xx_StdPeriph_Driver\src\stm32f0xx_crc.c 0x00000000   Number         0  stm32f0xx_crc.o ABSOLUTE
    libraries\STM32F0xx_StdPeriph_Driver\src\stm32f0xx_dac.c 0x00000000   Number         0  stm32f0xx_dac.o ABSOLUTE
    libraries\STM32F0xx_StdPeriph_Driver\src\stm32f0xx_dbgmcu.c 0x00000000   Number         0  stm32f0xx_dbgmcu.o ABSOLUTE
    libraries\STM32F0xx_StdPeriph_Driver\src\stm32f0xx_dma.c 0x00000000   Number         0  stm32f0xx_dma.o ABSOLUTE
    libraries\STM32F0xx_StdPeriph_Driver\src\stm32f0xx_exti.c 0x00000000   Number         0  stm32f0xx_exti.o ABSOLUTE
    libraries\STM32F0xx_StdPeriph_Driver\src\stm32f0xx_flash.c 0x00000000   Number         0  stm32f0xx_flash.o ABSOLUTE
    libraries\STM32F0xx_StdPeriph_Driver\src\stm32f0xx_gpio.c 0x00000000   Number         0  stm32f0xx_gpio.o ABSOLUTE
    libraries\STM32F0xx_StdPeriph_Driver\src\stm32f0xx_i2c.c 0x00000000   Number         0  stm32f0xx_i2c.o ABSOLUTE
    libraries\STM32F0xx_StdPeriph_Driver\src\stm32f0xx_iwdg.c 0x00000000   Number         0  stm32f0xx_iwdg.o ABSOLUTE
    libraries\STM32F0xx_StdPeriph_Driver\src\stm32f0xx_misc.c 0x00000000   Number         0  stm32f0xx_misc.o ABSOLUTE
    libraries\STM32F0xx_StdPeriph_Driver\src\stm32f0xx_pwr.c 0x00000000   Number         0  stm32f0xx_pwr.o ABSOLUTE
    libraries\STM32F0xx_StdPeriph_Driver\src\stm32f0xx_rcc.c 0x00000000   Number         0  stm32f0xx_rcc.o ABSOLUTE
    libraries\STM32F0xx_StdPeriph_Driver\src\stm32f0xx_rtc.c 0x00000000   Number         0  stm32f0xx_rtc.o ABSOLUTE
    libraries\STM32F0xx_StdPeriph_Driver\src\stm32f0xx_spi.c 0x00000000   Number         0  stm32f0xx_spi.o ABSOLUTE
    libraries\STM32F0xx_StdPeriph_Driver\src\stm32f0xx_syscfg.c 0x00000000   Number         0  stm32f0xx_syscfg.o ABSOLUTE
    libraries\STM32F0xx_StdPeriph_Driver\src\stm32f0xx_tim.c 0x00000000   Number         0  stm32f0xx_tim.o ABSOLUTE
    libraries\STM32F0xx_StdPeriph_Driver\src\stm32f0xx_usart.c 0x00000000   Number         0  stm32f0xx_usart.o ABSOLUTE
    libraries\STM32F0xx_StdPeriph_Driver\src\stm32f0xx_wwdg.c 0x00000000   Number         0  stm32f0xx_wwdg.o ABSOLUTE
    libraries\\CMSIS\\Device\\ST\\STM32F0xx\\Source\\Templates\\system_stm32f0xx.c 0x00000000   Number         0  system_stm32f0xx.o ABSOLUTE
    libraries\\STM32F0xx_StdPeriph_Driver\\src\\stm32f0xx_adc.c 0x00000000   Number         0  stm32f0xx_adc.o ABSOLUTE
    libraries\\STM32F0xx_StdPeriph_Driver\\src\\stm32f0xx_cec.c 0x00000000   Number         0  stm32f0xx_cec.o ABSOLUTE
    libraries\\STM32F0xx_StdPeriph_Driver\\src\\stm32f0xx_comp.c 0x00000000   Number         0  stm32f0xx_comp.o ABSOLUTE
    libraries\\STM32F0xx_StdPeriph_Driver\\src\\stm32f0xx_crc.c 0x00000000   Number         0  stm32f0xx_crc.o ABSOLUTE
    libraries\\STM32F0xx_StdPeriph_Driver\\src\\stm32f0xx_dac.c 0x00000000   Number         0  stm32f0xx_dac.o ABSOLUTE
    libraries\\STM32F0xx_StdPeriph_Driver\\src\\stm32f0xx_dbgmcu.c 0x00000000   Number         0  stm32f0xx_dbgmcu.o ABSOLUTE
    libraries\\STM32F0xx_StdPeriph_Driver\\src\\stm32f0xx_dma.c 0x00000000   Number         0  stm32f0xx_dma.o ABSOLUTE
    libraries\\STM32F0xx_StdPeriph_Driver\\src\\stm32f0xx_exti.c 0x00000000   Number         0  stm32f0xx_exti.o ABSOLUTE
    libraries\\STM32F0xx_StdPeriph_Driver\\src\\stm32f0xx_flash.c 0x00000000   Number         0  stm32f0xx_flash.o ABSOLUTE
    libraries\\STM32F0xx_StdPeriph_Driver\\src\\stm32f0xx_gpio.c 0x00000000   Number         0  stm32f0xx_gpio.o ABSOLUTE
    libraries\\STM32F0xx_StdPeriph_Driver\\src\\stm32f0xx_i2c.c 0x00000000   Number         0  stm32f0xx_i2c.o ABSOLUTE
    libraries\\STM32F0xx_StdPeriph_Driver\\src\\stm32f0xx_iwdg.c 0x00000000   Number         0  stm32f0xx_iwdg.o ABSOLUTE
    libraries\\STM32F0xx_StdPeriph_Driver\\src\\stm32f0xx_misc.c 0x00000000   Number         0  stm32f0xx_misc.o ABSOLUTE
    libraries\\STM32F0xx_StdPeriph_Driver\\src\\stm32f0xx_pwr.c 0x00000000   Number         0  stm32f0xx_pwr.o ABSOLUTE
    libraries\\STM32F0xx_StdPeriph_Driver\\src\\stm32f0xx_rcc.c 0x00000000   Number         0  stm32f0xx_rcc.o ABSOLUTE
    libraries\\STM32F0xx_StdPeriph_Driver\\src\\stm32f0xx_rtc.c 0x00000000   Number         0  stm32f0xx_rtc.o ABSOLUTE
    libraries\\STM32F0xx_StdPeriph_Driver\\src\\stm32f0xx_spi.c 0x00000000   Number         0  stm32f0xx_spi.o ABSOLUTE
    libraries\\STM32F0xx_StdPeriph_Driver\\src\\stm32f0xx_syscfg.c 0x00000000   Number         0  stm32f0xx_syscfg.o ABSOLUTE
    libraries\\STM32F0xx_StdPeriph_Driver\\src\\stm32f0xx_tim.c 0x00000000   Number         0  stm32f0xx_tim.o ABSOLUTE
    libraries\\STM32F0xx_StdPeriph_Driver\\src\\stm32f0xx_usart.c 0x00000000   Number         0  stm32f0xx_usart.o ABSOLUTE
    libraries\\STM32F0xx_StdPeriph_Driver\\src\\stm32f0xx_wwdg.c 0x00000000   Number         0  stm32f0xx_wwdg.o ABSOLUTE
    src\\at_cmd.c                            0x00000000   Number         0  at_cmd.o ABSOLUTE
    src\\delay.c                             0x00000000   Number         0  delay.o ABSOLUTE
    src\\main.c                              0x00000000   Number         0  main.o ABSOLUTE
    src\\usart.c                             0x00000000   Number         0  usart.o ABSOLUTE
    src\\wifi.c                              0x00000000   Number         0  wifi.o ABSOLUTE
    src\at_cmd.c                             0x00000000   Number         0  at_cmd.o ABSOLUTE
    src\delay.c                              0x00000000   Number         0  delay.o ABSOLUTE
    src\main.c                               0x00000000   Number         0  main.o ABSOLUTE
    src\usart.c                              0x00000000   Number         0  usart.o ABSOLUTE
    src\util.c                               0x00000000   Number         0  util.o ABSOLUTE
    src\wifi.c                               0x00000000   Number         0  wifi.o ABSOLUTE
    startup\startup_stm32f0xx.s              0x00000000   Number         0  startup_stm32f0xx.o ABSOLUTE
    RESET                                    0x08000000   Section      192  startup_stm32f0xx.o(RESET)
    !!!main                                  0x080000c0   Section        8  __main.o(!!!main)
    !!!scatter                               0x080000c8   Section       60  __scatter.o(!!!scatter)
    !!handler_copy                           0x08000104   Section       26  __scatter_copy.o(!!handler_copy)
    !!handler_zi                             0x08000120   Section       28  __scatter_zi.o(!!handler_zi)
    .ARM.Collect$$_printf_percent$$00000000  0x0800013c   Section        2  _printf_percent.o(.ARM.Collect$$_printf_percent$$00000000)
    .ARM.Collect$$_printf_percent$$00000001  0x0800013e   Section       10  _printf_n.o(.ARM.Collect$$_printf_percent$$00000001)
    .ARM.Collect$$_printf_percent$$00000002  0x08000148   Section       10  _printf_p.o(.ARM.Collect$$_printf_percent$$00000002)
    .ARM.Collect$$_printf_percent$$00000014  0x08000152   Section       10  _printf_s.o(.ARM.Collect$$_printf_percent$$00000014)
    .ARM.Collect$$_printf_percent$$00000017  0x0800015c   Section        4  _printf_percent_end.o(.ARM.Collect$$_printf_percent$$00000017)
    .ARM.Collect$$libinit$$00000000          0x08000160   Section        2  libinit.o(.ARM.Collect$$libinit$$00000000)
    .ARM.Collect$$libinit$$00000002          0x08000162   Section        0  libinit2.o(.ARM.Collect$$libinit$$00000002)
    .ARM.Collect$$libinit$$00000004          0x08000162   Section        0  libinit2.o(.ARM.Collect$$libinit$$00000004)
    .ARM.Collect$$libinit$$00000005          0x08000162   Section        8  libinit2.o(.ARM.Collect$$libinit$$00000005)
    .ARM.Collect$$libinit$$0000000A          0x0800016a   Section        0  libinit2.o(.ARM.Collect$$libinit$$0000000A)
    .ARM.Collect$$libinit$$0000000C          0x0800016a   Section        0  libinit2.o(.ARM.Collect$$libinit$$0000000C)
    .ARM.Collect$$libinit$$0000000E          0x0800016a   Section        0  libinit2.o(.ARM.Collect$$libinit$$0000000E)
    .ARM.Collect$$libinit$$00000011          0x0800016a   Section        0  libinit2.o(.ARM.Collect$$libinit$$00000011)
    .ARM.Collect$$libinit$$00000013          0x0800016a   Section        0  libinit2.o(.ARM.Collect$$libinit$$00000013)
    .ARM.Collect$$libinit$$00000015          0x0800016a   Section        0  libinit2.o(.ARM.Collect$$libinit$$00000015)
    .ARM.Collect$$libinit$$00000017          0x0800016a   Section        0  libinit2.o(.ARM.Collect$$libinit$$00000017)
    .ARM.Collect$$libinit$$00000019          0x0800016a   Section        0  libinit2.o(.ARM.Collect$$libinit$$00000019)
    .ARM.Collect$$libinit$$0000001B          0x0800016a   Section        0  libinit2.o(.ARM.Collect$$libinit$$0000001B)
    .ARM.Collect$$libinit$$0000001D          0x0800016a   Section        0  libinit2.o(.ARM.Collect$$libinit$$0000001D)
    .ARM.Collect$$libinit$$0000001F          0x0800016a   Section        0  libinit2.o(.ARM.Collect$$libinit$$0000001F)
    .ARM.Collect$$libinit$$00000021          0x0800016a   Section        0  libinit2.o(.ARM.Collect$$libinit$$00000021)
    .ARM.Collect$$libinit$$00000023          0x0800016a   Section        0  libinit2.o(.ARM.Collect$$libinit$$00000023)
    .ARM.Collect$$libinit$$00000025          0x0800016a   Section        0  libinit2.o(.ARM.Collect$$libinit$$00000025)
    .ARM.Collect$$libinit$$0000002C          0x0800016a   Section        0  libinit2.o(.ARM.Collect$$libinit$$0000002C)
    .ARM.Collect$$libinit$$0000002E          0x0800016a   Section        0  libinit2.o(.ARM.Collect$$libinit$$0000002E)
    .ARM.Collect$$libinit$$00000030          0x0800016a   Section        0  libinit2.o(.ARM.Collect$$libinit$$00000030)
    .ARM.Collect$$libinit$$00000032          0x0800016a   Section        0  libinit2.o(.ARM.Collect$$libinit$$00000032)
    .ARM.Collect$$libinit$$00000033          0x0800016a   Section        2  libinit2.o(.ARM.Collect$$libinit$$00000033)
    .ARM.Collect$$libshutdown$$00000000      0x0800016c   Section        2  libshutdown.o(.ARM.Collect$$libshutdown$$00000000)
    .ARM.Collect$$libshutdown$$00000002      0x0800016e   Section        0  libshutdown2.o(.ARM.Collect$$libshutdown$$00000002)
    .ARM.Collect$$libshutdown$$00000004      0x0800016e   Section        0  libshutdown2.o(.ARM.Collect$$libshutdown$$00000004)
    .ARM.Collect$$libshutdown$$00000007      0x0800016e   Section        0  libshutdown2.o(.ARM.Collect$$libshutdown$$00000007)
    .ARM.Collect$$libshutdown$$0000000A      0x0800016e   Section        0  libshutdown2.o(.ARM.Collect$$libshutdown$$0000000A)
    .ARM.Collect$$libshutdown$$0000000C      0x0800016e   Section        0  libshutdown2.o(.ARM.Collect$$libshutdown$$0000000C)
    .ARM.Collect$$libshutdown$$0000000F      0x0800016e   Section        0  libshutdown2.o(.ARM.Collect$$libshutdown$$0000000F)
    .ARM.Collect$$libshutdown$$00000010      0x0800016e   Section        2  libshutdown2.o(.ARM.Collect$$libshutdown$$00000010)
    .ARM.Collect$$rtentry$$00000000          0x08000170   Section        0  __rtentry.o(.ARM.Collect$$rtentry$$00000000)
    .ARM.Collect$$rtentry$$00000002          0x08000170   Section        0  __rtentry2.o(.ARM.Collect$$rtentry$$00000002)
    .ARM.Collect$$rtentry$$00000004          0x08000170   Section        6  __rtentry4.o(.ARM.Collect$$rtentry$$00000004)
    .ARM.Collect$$rtentry$$00000009          0x08000176   Section        0  __rtentry2.o(.ARM.Collect$$rtentry$$00000009)
    .ARM.Collect$$rtentry$$0000000A          0x08000176   Section        4  __rtentry2.o(.ARM.Collect$$rtentry$$0000000A)
    .ARM.Collect$$rtentry$$0000000C          0x0800017a   Section        0  __rtentry2.o(.ARM.Collect$$rtentry$$0000000C)
    .ARM.Collect$$rtentry$$0000000D          0x0800017a   Section        8  __rtentry2.o(.ARM.Collect$$rtentry$$0000000D)
    .ARM.Collect$$rtexit$$00000000           0x08000182   Section        2  rtexit.o(.ARM.Collect$$rtexit$$00000000)
    .ARM.Collect$$rtexit$$00000002           0x08000184   Section        0  rtexit2.o(.ARM.Collect$$rtexit$$00000002)
    .ARM.Collect$$rtexit$$00000003           0x08000184   Section        4  rtexit2.o(.ARM.Collect$$rtexit$$00000003)
    .ARM.Collect$$rtexit$$00000004           0x08000188   Section        6  rtexit2.o(.ARM.Collect$$rtexit$$00000004)
    .emb_text                                0x08000190   Section        0  maybetermalloc1.o(.emb_text)
    .text                                    0x08000190   Section       56  startup_stm32f0xx.o(.text)
    .text                                    0x080001c8   Section        0  h1_alloc.o(.text)
    .text                                    0x0800022a   Section        0  h1_free.o(.text)
    .text                                    0x08000278   Section        0  noretval__2sprintf.o(.text)
    .text                                    0x080002a0   Section        0  _printf_pad.o(.text)
    .text                                    0x080002ee   Section        0  _printf_str.o(.text)
    .text                                    0x08000340   Section        0  _printf_charcount.o(.text)
    .text                                    0x08000368   Section        0  _printf_hex_ptr.o(.text)
    .text                                    0x080003bc   Section        0  __printf_flags_ss_wp.o(.text)
    .text                                    0x08000544   Section        0  strcpy.o(.text)
    .text                                    0x08000590   Section        0  strlen.o(.text)
    .text                                    0x080005d4   Section        0  strncmp.o(.text)
    .text                                    0x08000674   Section      346  aeabi_sdiv.o(.text)
    .text                                    0x080007ce   Section        0  heapauxi.o(.text)
    .text                                    0x080007d4   Section        8  rt_heap_descriptor_intlibspace.o(.text)
    .text                                    0x080007dc   Section        0  hguard.o(.text)
    .text                                    0x080007e0   Section        0  init_alloc.o(.text)
    .text                                    0x08000868   Section        0  h1_init.o(.text)
    .text                                    0x08000876   Section        0  _printf_intcommon.o(.text)
    .text                                    0x08000928   Section        0  _printf_char_common.o(.text)
    _printf_input_char                       0x08000929   Thumb Code    10  _printf_char_common.o(.text)
    .text                                    0x08000958   Section        0  _sputc.o(.text)
    .text                                    0x08000962   Section        0  _printf_char.o(.text)
    .text                                    0x08000990   Section        8  libspace.o(.text)
    .text                                    0x08000998   Section        0  h1_extend.o(.text)
    .text                                    0x080009cc   Section        0  defsig_rtmem_outer.o(.text)
    .text                                    0x080009d8   Section        2  use_no_semi.o(.text)
    .text                                    0x080009da   Section       62  sys_stackheap_outer.o(.text)
    .text                                    0x080009da   Section        0  indicate_semi.o(.text)
    .text                                    0x08000a18   Section        0  exit.o(.text)
    .text                                    0x08000a28   Section        0  defsig_exit.o(.text)
    .text                                    0x08000a34   Section        0  defsig_rtmem_inner.o(.text)
    .text                                    0x08000a84   Section        0  sys_exit.o(.text)
    .text                                    0x08000a90   Section        0  defsig_general.o(.text)
    .text                                    0x08000ac4   Section        0  sys_wrch.o(.text)
    i.GPIO_Init                              0x08000ad0   Section        0  stm32f0xx_gpio.o(i.GPIO_Init)
    i.GPIO_PinAFConfig                       0x08000b60   Section        0  stm32f0xx_gpio.o(i.GPIO_PinAFConfig)
    i.NVIC_Init                              0x08000ba4   Section        0  stm32f0xx_misc.o(i.NVIC_Init)
    i.NVIC_SetPriority                       0x08000c14   Section        0  main.o(i.NVIC_SetPriority)
    NVIC_SetPriority                         0x08000c15   Thumb Code   110  main.o(i.NVIC_SetPriority)
    i.RCC_GetClocksFreq                      0x08000c8c   Section        0  stm32f0xx_rcc.o(i.RCC_GetClocksFreq)
    i.SetSysClock                            0x08000df8   Section        0  system_stm32f0xx.o(i.SetSysClock)
    SetSysClock                              0x08000df9   Thumb Code   206  system_stm32f0xx.o(i.SetSysClock)
    i.SysTick_Handler                        0x08000ed0   Section        0  main.o(i.SysTick_Handler)
    i.SystemInit                             0x08000ee8   Section        0  system_stm32f0xx.o(i.SystemInit)
    i.USART1_IRQHandler                      0x08000f64   Section        0  usart.o(i.USART1_IRQHandler)
    i.USART2_IRQHandler                      0x08000f9c   Section        0  usart.o(i.USART2_IRQHandler)
    i.USART_Cmd                              0x08000fe0   Section        0  stm32f0xx_usart.o(i.USART_Cmd)
    i.USART_GetFlagStatus                    0x08000ff8   Section        0  stm32f0xx_usart.o(i.USART_GetFlagStatus)
    i.USART_GetITStatus                      0x0800100c   Section        0  stm32f0xx_usart.o(i.USART_GetITStatus)
    i.USART_ITConfig                         0x0800105a   Section        0  stm32f0xx_usart.o(i.USART_ITConfig)
    i.USART_Init                             0x0800109c   Section        0  stm32f0xx_usart.o(i.USART_Init)
    i.USART_ReceiveData                      0x08001174   Section        0  stm32f0xx_usart.o(i.USART_ReceiveData)
    i.USART_SendData                         0x0800117e   Section        0  stm32f0xx_usart.o(i.USART_SendData)
    i._is_digit                              0x08001186   Section        0  __printf_wp.o(i._is_digit)
    i.at_direct_send                         0x08001194   Section        0  at_cmd.o(i.at_direct_send)
    i.at_send_receive                        0x080011a8   Section        0  at_cmd.o(i.at_send_receive)
    i.at_wait_till_double_newline            0x08001258   Section        0  at_cmd.o(i.at_wait_till_double_newline)
    i.delay_ms                               0x080012bc   Section        0  delay.o(i.delay_ms)
    i.int_to_str                             0x080012d0   Section        0  util.o(i.int_to_str)
    i.main                                   0x08001324   Section        0  main.o(i.main)
    i.usart1_getch                           0x080016e4   Section        0  usart.o(i.usart1_getch)
    i.usart1_init                            0x08001704   Section        0  usart.o(i.usart1_init)
    i.usart1_putch                           0x080017a0   Section        0  usart.o(i.usart1_putch)
    i.usart1_puts                            0x080017c0   Section        0  usart.o(i.usart1_puts)
    i.usart2_flush_queue                     0x080017d8   Section        0  usart.o(i.usart2_flush_queue)
    i.usart2_getch                           0x080017ec   Section        0  usart.o(i.usart2_getch)
    i.usart2_init                            0x08001824   Section        0  usart.o(i.usart2_init)
    i.usart2_putch                           0x080018c4   Section        0  usart.o(i.usart2_putch)
    i.usart2_puts                            0x080018e4   Section        0  usart.o(i.usart2_puts)
    i.usart2_rcv_interrupt_en                0x08001900   Section        0  usart.o(i.usart2_rcv_interrupt_en)
    i.wifi_connect_router                    0x08001938   Section        0  wifi.o(i.wifi_connect_router)
    i.wifi_init                              0x080019d8   Section        0  wifi.o(i.wifi_init)
    i.wifi_open_conn                         0x08001a34   Section        0  wifi.o(i.wifi_open_conn)
    i.wifi_send_req                          0x08001af0   Section        0  wifi.o(i.wifi_send_req)
    .constdata                               0x08001b4c   Section       40  _printf_hex_ptr.o(.constdata)
    uc_hextab                                0x08001b4c   Data          20  _printf_hex_ptr.o(.constdata)
    lc_hextab                                0x08001b60   Data          20  _printf_hex_ptr.o(.constdata)
    .constdata                               0x08001b74   Section       17  __printf_flags_ss_wp.o(.constdata)
    maptable                                 0x08001b74   Data          17  __printf_flags_ss_wp.o(.constdata)
    .conststring                             0x08001b88   Section       79  main.o(.conststring)
    .data                                    0x20000000   Section        8  main.o(.data)
    .data                                    0x20000008   Section        8  usart.o(.data)
    .data                                    0x20000010   Section       20  system_stm32f0xx.o(.data)
    .data                                    0x20000024   Section       16  stm32f0xx_rcc.o(.data)
    APBAHBPrescTable                         0x20000024   Data          16  stm32f0xx_rcc.o(.data)
    .bss                                     0x20000034   Section      512  usart.o(.bss)
    .bss                                     0x20000234   Section       96  libspace.o(.bss)
    HEAP                                     0x20000298   Section      512  startup_stm32f0xx.o(HEAP)
    Heap_Mem                                 0x20000298   Data         512  startup_stm32f0xx.o(HEAP)
    STACK                                    0x20000498   Section     1024  startup_stm32f0xx.o(STACK)
    Stack_Mem                                0x20000498   Data        1024  startup_stm32f0xx.o(STACK)
    __initial_sp                             0x20000898   Data           0  startup_stm32f0xx.o(STACK)

    Global Symbols

    Symbol Name                              Value     Ov Type        Size  Object(Section)

    BuildAttributes$$THM_ISAv3M$S$PE$A:L22$X:L11$S22$IEEE1$IW$USESV6$~STKCKD$USESV7$~SHL$OTIME$ROPI$EBA8$UX$STANDARDLIB$REQ8$PRES8$EABIv2 0x00000000   Number         0  anon$$obj.o ABSOLUTE
    __ARM_use_no_argv                        0x00000000   Number         0  main.o ABSOLUTE
    _printf_flags                            0x00000000   Number         0  printf_stubs.o ABSOLUTE
    _printf_return_value                     0x00000000   Number         0  printf_stubs.o ABSOLUTE
    _printf_sizespec                         0x00000000   Number         0  printf_stubs.o ABSOLUTE
    _printf_widthprec                        0x00000000   Number         0  printf_stubs.o ABSOLUTE
    __ARM_exceptions_init                     - Undefined Weak Reference
    __alloca_initialize                       - Undefined Weak Reference
    __arm_preinit_                            - Undefined Weak Reference
    __cpp_initialize__aeabi_                  - Undefined Weak Reference
    __cxa_finalize                            - Undefined Weak Reference
    __rt_locale                               - Undefined Weak Reference
    __sigvec_lookup                           - Undefined Weak Reference
    __user_heap_extent                        - Undefined Weak Reference
    _atexit_init                              - Undefined Weak Reference
    _call_atexit_fns                          - Undefined Weak Reference
    _clock_init                               - Undefined Weak Reference
    _fp_trap_init                             - Undefined Weak Reference
    _fp_trap_shutdown                         - Undefined Weak Reference
    _get_lc_collate                           - Undefined Weak Reference
    _get_lc_ctype                             - Undefined Weak Reference
    _get_lc_monetary                          - Undefined Weak Reference
    _get_lc_numeric                           - Undefined Weak Reference
    _get_lc_time                              - Undefined Weak Reference
    _getenv_init                              - Undefined Weak Reference
    _handle_redirection                       - Undefined Weak Reference
    _initio                                   - Undefined Weak Reference
    _mutex_acquire                            - Undefined Weak Reference
    _mutex_free                               - Undefined Weak Reference
    _mutex_release                            - Undefined Weak Reference
    _printf_mbtowc                            - Undefined Weak Reference
    _printf_truncate_unsigned                 - Undefined Weak Reference
    _rand_init                                - Undefined Weak Reference
    _signal_finish                            - Undefined Weak Reference
    _signal_init                              - Undefined Weak Reference
    _terminateio                              - Undefined Weak Reference
    __Vectors_Size                           0x000000c0   Number         0  startup_stm32f0xx.o ABSOLUTE
    __Vectors                                0x08000000   Data           4  startup_stm32f0xx.o(RESET)
    __Vectors_End                            0x080000c0   Data           0  startup_stm32f0xx.o(RESET)
    __main                                   0x080000c1   Thumb Code     8  __main.o(!!!main)
    __scatterload                            0x080000c9   Thumb Code     0  __scatter.o(!!!scatter)
    __scatterload_rt2                        0x080000c9   Thumb Code    52  __scatter.o(!!!scatter)
    __scatterload_rt2_thumb_only             0x080000c9   Thumb Code     0  __scatter.o(!!!scatter)
    __scatterload_null                       0x080000d9   Thumb Code     0  __scatter.o(!!!scatter)
    __scatterload_copy                       0x08000105   Thumb Code    26  __scatter_copy.o(!!handler_copy)
    __scatterload_zeroinit                   0x08000121   Thumb Code    28  __scatter_zi.o(!!handler_zi)
    _printf_percent                          0x0800013d   Thumb Code     0  _printf_percent.o(.ARM.Collect$$_printf_percent$$00000000)
    _printf_n                                0x0800013f   Thumb Code     0  _printf_n.o(.ARM.Collect$$_printf_percent$$00000001)
    _printf_p                                0x08000149   Thumb Code     0  _printf_p.o(.ARM.Collect$$_printf_percent$$00000002)
    _printf_s                                0x08000153   Thumb Code     0  _printf_s.o(.ARM.Collect$$_printf_percent$$00000014)
    _printf_percent_end                      0x0800015d   Thumb Code     0  _printf_percent_end.o(.ARM.Collect$$_printf_percent$$00000017)
    __rt_lib_init                            0x08000161   Thumb Code     0  libinit.o(.ARM.Collect$$libinit$$00000000)
    __rt_lib_init_fp_1                       0x08000163   Thumb Code     0  libinit2.o(.ARM.Collect$$libinit$$00000002)
    __rt_lib_init_heap_2                     0x08000163   Thumb Code     0  libinit2.o(.ARM.Collect$$libinit$$00000005)
    __rt_lib_init_preinit_1                  0x08000163   Thumb Code     0  libinit2.o(.ARM.Collect$$libinit$$00000004)
    __rt_lib_init_alloca_1                   0x0800016b   Thumb Code     0  libinit2.o(.ARM.Collect$$libinit$$0000002E)
    __rt_lib_init_argv_1                     0x0800016b   Thumb Code     0  libinit2.o(.ARM.Collect$$libinit$$0000002C)
    __rt_lib_init_atexit_1                   0x0800016b   Thumb Code     0  libinit2.o(.ARM.Collect$$libinit$$0000001B)
    __rt_lib_init_clock_1                    0x0800016b   Thumb Code     0  libinit2.o(.ARM.Collect$$libinit$$00000021)
    __rt_lib_init_cpp_1                      0x0800016b   Thumb Code     0  libinit2.o(.ARM.Collect$$libinit$$00000032)
    __rt_lib_init_exceptions_1               0x0800016b   Thumb Code     0  libinit2.o(.ARM.Collect$$libinit$$00000030)
    __rt_lib_init_fp_trap_1                  0x0800016b   Thumb Code     0  libinit2.o(.ARM.Collect$$libinit$$0000001F)
    __rt_lib_init_getenv_1                   0x0800016b   Thumb Code     0  libinit2.o(.ARM.Collect$$libinit$$00000023)
    __rt_lib_init_heap_1                     0x0800016b   Thumb Code     0  libinit2.o(.ARM.Collect$$libinit$$0000000A)
    __rt_lib_init_lc_collate_1               0x0800016b   Thumb Code     0  libinit2.o(.ARM.Collect$$libinit$$00000011)
    __rt_lib_init_lc_ctype_1                 0x0800016b   Thumb Code     0  libinit2.o(.ARM.Collect$$libinit$$00000013)
    __rt_lib_init_lc_monetary_1              0x0800016b   Thumb Code     0  libinit2.o(.ARM.Collect$$libinit$$00000015)
    __rt_lib_init_lc_numeric_1               0x0800016b   Thumb Code     0  libinit2.o(.ARM.Collect$$libinit$$00000017)
    __rt_lib_init_lc_time_1                  0x0800016b   Thumb Code     0  libinit2.o(.ARM.Collect$$libinit$$00000019)
    __rt_lib_init_rand_1                     0x0800016b   Thumb Code     0  libinit2.o(.ARM.Collect$$libinit$$0000000E)
    __rt_lib_init_return                     0x0800016b   Thumb Code     0  libinit2.o(.ARM.Collect$$libinit$$00000033)
    __rt_lib_init_signal_1                   0x0800016b   Thumb Code     0  libinit2.o(.ARM.Collect$$libinit$$0000001D)
    __rt_lib_init_stdio_1                    0x0800016b   Thumb Code     0  libinit2.o(.ARM.Collect$$libinit$$00000025)
    __rt_lib_init_user_alloc_1               0x0800016b   Thumb Code     0  libinit2.o(.ARM.Collect$$libinit$$0000000C)
    __rt_lib_shutdown                        0x0800016d   Thumb Code     0  libshutdown.o(.ARM.Collect$$libshutdown$$00000000)
    __rt_lib_shutdown_cpp_1                  0x0800016f   Thumb Code     0  libshutdown2.o(.ARM.Collect$$libshutdown$$00000002)
    __rt_lib_shutdown_fp_trap_1              0x0800016f   Thumb Code     0  libshutdown2.o(.ARM.Collect$$libshutdown$$00000007)
    __rt_lib_shutdown_heap_1                 0x0800016f   Thumb Code     0  libshutdown2.o(.ARM.Collect$$libshutdown$$0000000F)
    __rt_lib_shutdown_return                 0x0800016f   Thumb Code     0  libshutdown2.o(.ARM.Collect$$libshutdown$$00000010)
    __rt_lib_shutdown_signal_1               0x0800016f   Thumb Code     0  libshutdown2.o(.ARM.Collect$$libshutdown$$0000000A)
    __rt_lib_shutdown_stdio_1                0x0800016f   Thumb Code     0  libshutdown2.o(.ARM.Collect$$libshutdown$$00000004)
    __rt_lib_shutdown_user_alloc_1           0x0800016f   Thumb Code     0  libshutdown2.o(.ARM.Collect$$libshutdown$$0000000C)
    __rt_entry                               0x08000171   Thumb Code     0  __rtentry.o(.ARM.Collect$$rtentry$$00000000)
    __rt_entry_presh_1                       0x08000171   Thumb Code     0  __rtentry2.o(.ARM.Collect$$rtentry$$00000002)
    __rt_entry_sh                            0x08000171   Thumb Code     0  __rtentry4.o(.ARM.Collect$$rtentry$$00000004)
    __rt_entry_li                            0x08000177   Thumb Code     0  __rtentry2.o(.ARM.Collect$$rtentry$$0000000A)
    __rt_entry_postsh_1                      0x08000177   Thumb Code     0  __rtentry2.o(.ARM.Collect$$rtentry$$00000009)
    __rt_entry_main                          0x0800017b   Thumb Code     0  __rtentry2.o(.ARM.Collect$$rtentry$$0000000D)
    __rt_entry_postli_1                      0x0800017b   Thumb Code     0  __rtentry2.o(.ARM.Collect$$rtentry$$0000000C)
    __rt_exit                                0x08000183   Thumb Code     0  rtexit.o(.ARM.Collect$$rtexit$$00000000)
    __rt_exit_ls                             0x08000185   Thumb Code     0  rtexit2.o(.ARM.Collect$$rtexit$$00000003)
    __rt_exit_prels_1                        0x08000185   Thumb Code     0  rtexit2.o(.ARM.Collect$$rtexit$$00000002)
    __rt_exit_exit                           0x08000189   Thumb Code     0  rtexit2.o(.ARM.Collect$$rtexit$$00000004)
    Reset_Handler                            0x08000191   Thumb Code     8  startup_stm32f0xx.o(.text)
    _maybe_terminate_alloc                   0x08000191   Thumb Code     0  maybetermalloc1.o(.emb_text)
    NMI_Handler                              0x08000199   Thumb Code     2  startup_stm32f0xx.o(.text)
    HardFault_Handler                        0x0800019b   Thumb Code     2  startup_stm32f0xx.o(.text)
    SVC_Handler                              0x0800019d   Thumb Code     2  startup_stm32f0xx.o(.text)
    PendSV_Handler                           0x0800019f   Thumb Code     2  startup_stm32f0xx.o(.text)
    ADC1_COMP_IRQHandler                     0x080001a3   Thumb Code     0  startup_stm32f0xx.o(.text)
    CEC_IRQHandler                           0x080001a3   Thumb Code     0  startup_stm32f0xx.o(.text)
    DMA1_Channel1_IRQHandler                 0x080001a3   Thumb Code     0  startup_stm32f0xx.o(.text)
    DMA1_Channel2_3_IRQHandler               0x080001a3   Thumb Code     0  startup_stm32f0xx.o(.text)
    DMA1_Channel4_5_IRQHandler               0x080001a3   Thumb Code     0  startup_stm32f0xx.o(.text)
    EXTI0_1_IRQHandler                       0x080001a3   Thumb Code     0  startup_stm32f0xx.o(.text)
    EXTI2_3_IRQHandler                       0x080001a3   Thumb Code     0  startup_stm32f0xx.o(.text)
    EXTI4_15_IRQHandler                      0x080001a3   Thumb Code     0  startup_stm32f0xx.o(.text)
    FLASH_IRQHandler                         0x080001a3   Thumb Code     0  startup_stm32f0xx.o(.text)
    I2C1_IRQHandler                          0x080001a3   Thumb Code     0  startup_stm32f0xx.o(.text)
    I2C2_IRQHandler                          0x080001a3   Thumb Code     0  startup_stm32f0xx.o(.text)
    PVD_IRQHandler                           0x080001a3   Thumb Code     0  startup_stm32f0xx.o(.text)
    RCC_IRQHandler                           0x080001a3   Thumb Code     0  startup_stm32f0xx.o(.text)
    RTC_IRQHandler                           0x080001a3   Thumb Code     0  startup_stm32f0xx.o(.text)
    SPI1_IRQHandler                          0x080001a3   Thumb Code     0  startup_stm32f0xx.o(.text)
    SPI2_IRQHandler                          0x080001a3   Thumb Code     0  startup_stm32f0xx.o(.text)
    TIM14_IRQHandler                         0x080001a3   Thumb Code     0  startup_stm32f0xx.o(.text)
    TIM15_IRQHandler                         0x080001a3   Thumb Code     0  startup_stm32f0xx.o(.text)
    TIM16_IRQHandler                         0x080001a3   Thumb Code     0  startup_stm32f0xx.o(.text)
    TIM17_IRQHandler                         0x080001a3   Thumb Code     0  startup_stm32f0xx.o(.text)
    TIM1_BRK_UP_TRG_COM_IRQHandler           0x080001a3   Thumb Code     0  startup_stm32f0xx.o(.text)
    TIM1_CC_IRQHandler                       0x080001a3   Thumb Code     0  startup_stm32f0xx.o(.text)
    TIM2_IRQHandler                          0x080001a3   Thumb Code     0  startup_stm32f0xx.o(.text)
    TIM3_IRQHandler                          0x080001a3   Thumb Code     0  startup_stm32f0xx.o(.text)
    TIM6_DAC_IRQHandler                      0x080001a3   Thumb Code     0  startup_stm32f0xx.o(.text)
    TS_IRQHandler                            0x080001a3   Thumb Code     0  startup_stm32f0xx.o(.text)
    WWDG_IRQHandler                          0x080001a3   Thumb Code     0  startup_stm32f0xx.o(.text)
    __user_initial_stackheap                 0x080001a5   Thumb Code     0  startup_stm32f0xx.o(.text)
    malloc                                   0x080001c9   Thumb Code    98  h1_alloc.o(.text)
    free                                     0x0800022b   Thumb Code    76  h1_free.o(.text)
    __2sprintf                               0x08000279   Thumb Code    36  noretval__2sprintf.o(.text)
    _printf_pre_padding                      0x080002a1   Thumb Code    44  _printf_pad.o(.text)
    _printf_post_padding                     0x080002cd   Thumb Code    34  _printf_pad.o(.text)
    _printf_str                              0x080002ef   Thumb Code    82  _printf_str.o(.text)
    _printf_charcount                        0x08000341   Thumb Code    38  _printf_charcount.o(.text)
    _printf_hex_ptr                          0x08000369   Thumb Code    78  _printf_hex_ptr.o(.text)
    _printf_longlong_hex                     0x08000369   Thumb Code     0  _printf_hex_ptr.o(.text)
    __printf                                 0x080003bd   Thumb Code   386  __printf_flags_ss_wp.o(.text)
    strcpy                                   0x08000545   Thumb Code    70  strcpy.o(.text)
    strlen                                   0x08000591   Thumb Code    62  strlen.o(.text)
    strncmp                                  0x080005d5   Thumb Code   154  strncmp.o(.text)
    __aeabi_uidiv                            0x08000675   Thumb Code     0  aeabi_sdiv.o(.text)
    __aeabi_uidivmod                         0x08000675   Thumb Code    20  aeabi_sdiv.o(.text)
    __aeabi_idiv                             0x08000689   Thumb Code     0  aeabi_sdiv.o(.text)
    __aeabi_idivmod                          0x08000689   Thumb Code   326  aeabi_sdiv.o(.text)
    __use_two_region_memory                  0x080007cf   Thumb Code     2  heapauxi.o(.text)
    __rt_heap_escrow                         0x080007d1   Thumb Code     2  heapauxi.o(.text)
    __rt_heap_expand                         0x080007d3   Thumb Code     2  heapauxi.o(.text)
    __rt_heap_descriptor                     0x080007d5   Thumb Code     8  rt_heap_descriptor_intlibspace.o(.text)
    __use_no_heap                            0x080007dd   Thumb Code     2  hguard.o(.text)
    __heap$guard                             0x080007df   Thumb Code     2  hguard.o(.text)
    _terminate_user_alloc                    0x080007e1   Thumb Code     2  init_alloc.o(.text)
    _init_user_alloc                         0x080007e3   Thumb Code     2  init_alloc.o(.text)
    __Heap_Full                              0x080007e5   Thumb Code    32  init_alloc.o(.text)
    __Heap_Broken                            0x08000805   Thumb Code    10  init_alloc.o(.text)
    _init_alloc                              0x0800080f   Thumb Code    90  init_alloc.o(.text)
    __Heap_Initialize                        0x08000869   Thumb Code    10  h1_init.o(.text)
    __Heap_DescSize                          0x08000873   Thumb Code     4  h1_init.o(.text)
    _printf_int_common                       0x08000877   Thumb Code   176  _printf_intcommon.o(.text)
    _printf_char_common                      0x08000933   Thumb Code    32  _printf_char_common.o(.text)
    _sputc                                   0x08000959   Thumb Code    10  _sputc.o(.text)
    _printf_cs_common                        0x08000963   Thumb Code    22  _printf_char.o(.text)
    _printf_char                             0x08000979   Thumb Code    16  _printf_char.o(.text)
    _printf_string                           0x08000989   Thumb Code     8  _printf_char.o(.text)
    __user_libspace                          0x08000991   Thumb Code     8  libspace.o(.text)
    __user_perproc_libspace                  0x08000991   Thumb Code     0  libspace.o(.text)
    __user_perthread_libspace                0x08000991   Thumb Code     0  libspace.o(.text)
    __Heap_ProvideMemory                     0x08000999   Thumb Code    52  h1_extend.o(.text)
    __rt_SIGRTMEM                            0x080009cd   Thumb Code    12  defsig_rtmem_outer.o(.text)
    __I$use$semihosting                      0x080009d9   Thumb Code     0  use_no_semi.o(.text)
    __use_no_semihosting_swi                 0x080009d9   Thumb Code     2  use_no_semi.o(.text)
    __semihosting_library_function           0x080009db   Thumb Code     0  indicate_semi.o(.text)
    __user_setup_stackheap                   0x080009db   Thumb Code    62  sys_stackheap_outer.o(.text)
    exit                                     0x08000a19   Thumb Code    16  exit.o(.text)
    __sig_exit                               0x08000a29   Thumb Code    12  defsig_exit.o(.text)
    __rt_SIGRTMEM_inner                      0x08000a35   Thumb Code    22  defsig_rtmem_inner.o(.text)
    _sys_exit                                0x08000a85   Thumb Code     8  sys_exit.o(.text)
    __default_signal_display                 0x08000a91   Thumb Code    52  defsig_general.o(.text)
    _ttywrch                                 0x08000ac5   Thumb Code    12  sys_wrch.o(.text)
    GPIO_Init                                0x08000ad1   Thumb Code   144  stm32f0xx_gpio.o(i.GPIO_Init)
    GPIO_PinAFConfig                         0x08000b61   Thumb Code    68  stm32f0xx_gpio.o(i.GPIO_PinAFConfig)
    NVIC_Init                                0x08000ba5   Thumb Code   106  stm32f0xx_misc.o(i.NVIC_Init)
    RCC_GetClocksFreq                        0x08000c8d   Thumb Code   340  stm32f0xx_rcc.o(i.RCC_GetClocksFreq)
    SysTick_Handler                          0x08000ed1   Thumb Code    20  main.o(i.SysTick_Handler)
    SystemInit                               0x08000ee9   Thumb Code   110  system_stm32f0xx.o(i.SystemInit)
    USART1_IRQHandler                        0x08000f65   Thumb Code    46  usart.o(i.USART1_IRQHandler)
    USART2_IRQHandler                        0x08000f9d   Thumb Code    50  usart.o(i.USART2_IRQHandler)
    USART_Cmd                                0x08000fe1   Thumb Code    24  stm32f0xx_usart.o(i.USART_Cmd)
    USART_GetFlagStatus                      0x08000ff9   Thumb Code    20  stm32f0xx_usart.o(i.USART_GetFlagStatus)
    USART_GetITStatus                        0x0800100d   Thumb Code    78  stm32f0xx_usart.o(i.USART_GetITStatus)
    USART_ITConfig                           0x0800105b   Thumb Code    66  stm32f0xx_usart.o(i.USART_ITConfig)
    USART_Init                               0x0800109d   Thumb Code   202  stm32f0xx_usart.o(i.USART_Init)
    USART_ReceiveData                        0x08001175   Thumb Code    10  stm32f0xx_usart.o(i.USART_ReceiveData)
    USART_SendData                           0x0800117f   Thumb Code     8  stm32f0xx_usart.o(i.USART_SendData)
    _is_digit                                0x08001187   Thumb Code    14  __printf_wp.o(i._is_digit)
    at_direct_send                           0x08001195   Thumb Code    18  at_cmd.o(i.at_direct_send)
    at_send_receive                          0x080011a9   Thumb Code   146  at_cmd.o(i.at_send_receive)
    at_wait_till_double_newline              0x08001259   Thumb Code   100  at_cmd.o(i.at_wait_till_double_newline)
    delay_ms                                 0x080012bd   Thumb Code    16  delay.o(i.delay_ms)
    int_to_str                               0x080012d1   Thumb Code    84  util.o(i.int_to_str)
    main                                     0x08001325   Thumb Code   598  main.o(i.main)
    usart1_getch                             0x080016e5   Thumb Code    26  usart.o(i.usart1_getch)
    usart1_init                              0x08001705   Thumb Code   148  usart.o(i.usart1_init)
    usart1_putch                             0x080017a1   Thumb Code    28  usart.o(i.usart1_putch)
    usart1_puts                              0x080017c1   Thumb Code    22  usart.o(i.usart1_puts)
    usart2_flush_queue                       0x080017d9   Thumb Code    10  usart.o(i.usart2_flush_queue)
    usart2_getch                             0x080017ed   Thumb Code    44  usart.o(i.usart2_getch)
    usart2_init                              0x08001825   Thumb Code   150  usart.o(i.usart2_init)
    usart2_putch                             0x080018c5   Thumb Code    28  usart.o(i.usart2_putch)
    usart2_puts                              0x080018e5   Thumb Code    28  usart.o(i.usart2_puts)
    usart2_rcv_interrupt_en                  0x08001901   Thumb Code    42  usart.o(i.usart2_rcv_interrupt_en)
    wifi_connect_router                      0x08001939   Thumb Code   142  wifi.o(i.wifi_connect_router)
    wifi_init                                0x080019d9   Thumb Code    58  wifi.o(i.wifi_init)
    wifi_open_conn                           0x08001a35   Thumb Code   170  wifi.o(i.wifi_open_conn)
    wifi_send_req                            0x08001af1   Thumb Code    76  wifi.o(i.wifi_send_req)
    Region$$Table$$Base                      0x08001bd8   Number         0  anon$$obj.o(Region$$Table)
    Region$$Table$$Limit                     0x08001bf8   Number         0  anon$$obj.o(Region$$Table)
    http_req                                 0x20000000   Data           4  main.o(.data)
    timer_tick                               0x20000004   Data           4  main.o(.data)
    usart2_buffer_read_index                 0x20000008   Data           4  usart.o(.data)
    usart2_buffer_write_index                0x2000000c   Data           4  usart.o(.data)
    SystemCoreClock                          0x20000010   Data           4  system_stm32f0xx.o(.data)
    AHBPrescTable                            0x20000014   Data          16  system_stm32f0xx.o(.data)
    usart2_data_buffer                       0x20000034   Data         512  usart.o(.bss)
    __libspace_start                         0x20000234   Data          96  libspace.o(.bss)
    __temporary_stack_top$libspace           0x20000294   Data           0  libspace.o(.bss)



==============================================================================

Memory Map of the image

  Image Entry point : 0x08000191

  Load Region LR_1 (Base: 0x08000000, Size: 0x00001c2c, Max: 0xffffffff, ABSOLUTE)

    Execution Region ER_RO (Exec base: 0x08000000, Load base: 0x08000000, Size: 0x00001bf8, Max: 0xffffffff, ABSOLUTE)

    Exec Addr    Load Addr    Size         Type   Attr      Idx    E Section Name        Object

    0x08000000   0x08000000   0x000000c0   Data   RO          359    RESET               startup_stm32f0xx.o
    0x080000c0   0x080000c0   0x00000008   Code   RO         3625  * !!!main             c_p.l(__main.o)
    0x080000c8   0x080000c8   0x0000003c   Code   RO         3853    !!!scatter          c_p.l(__scatter.o)
    0x08000104   0x08000104   0x0000001a   Code   RO         3855    !!handler_copy      c_p.l(__scatter_copy.o)
    0x0800011e   0x0800011e   0x00000002   PAD
    0x08000120   0x08000120   0x0000001c   Code   RO         3857    !!handler_zi        c_p.l(__scatter_zi.o)
    0x0800013c   0x0800013c   0x00000002   Code   RO         3612    .ARM.Collect$$_printf_percent$$00000000  c_p.l(_printf_percent.o)
    0x0800013e   0x0800013e   0x0000000a   Code   RO         3610    .ARM.Collect$$_printf_percent$$00000001  c_p.l(_printf_n.o)
    0x08000148   0x08000148   0x0000000a   Code   RO         3611    .ARM.Collect$$_printf_percent$$00000002  c_p.l(_printf_p.o)
    0x08000152   0x08000152   0x0000000a   Code   RO         3609    .ARM.Collect$$_printf_percent$$00000014  c_p.l(_printf_s.o)
    0x0800015c   0x0800015c   0x00000004   Code   RO         3667    .ARM.Collect$$_printf_percent$$00000017  c_p.l(_printf_percent_end.o)
    0x08000160   0x08000160   0x00000002   Code   RO         3791    .ARM.Collect$$libinit$$00000000  c_p.l(libinit.o)
    0x08000162   0x08000162   0x00000000   Code   RO         3675    .ARM.Collect$$libinit$$00000002  c_p.l(libinit2.o)
    0x08000162   0x08000162   0x00000000   Code   RO         3677    .ARM.Collect$$libinit$$00000004  c_p.l(libinit2.o)
    0x08000162   0x08000162   0x00000008   Code   RO         3678    .ARM.Collect$$libinit$$00000005  c_p.l(libinit2.o)
    0x0800016a   0x0800016a   0x00000000   Code   RO         3680    .ARM.Collect$$libinit$$0000000A  c_p.l(libinit2.o)
    0x0800016a   0x0800016a   0x00000000   Code   RO         3682    .ARM.Collect$$libinit$$0000000C  c_p.l(libinit2.o)
    0x0800016a   0x0800016a   0x00000000   Code   RO         3684    .ARM.Collect$$libinit$$0000000E  c_p.l(libinit2.o)
    0x0800016a   0x0800016a   0x00000000   Code   RO         3687    .ARM.Collect$$libinit$$00000011  c_p.l(libinit2.o)
    0x0800016a   0x0800016a   0x00000000   Code   RO         3689    .ARM.Collect$$libinit$$00000013  c_p.l(libinit2.o)
    0x0800016a   0x0800016a   0x00000000   Code   RO         3691    .ARM.Collect$$libinit$$00000015  c_p.l(libinit2.o)
    0x0800016a   0x0800016a   0x00000000   Code   RO         3693    .ARM.Collect$$libinit$$00000017  c_p.l(libinit2.o)
    0x0800016a   0x0800016a   0x00000000   Code   RO         3695    .ARM.Collect$$libinit$$00000019  c_p.l(libinit2.o)
    0x0800016a   0x0800016a   0x00000000   Code   RO         3697    .ARM.Collect$$libinit$$0000001B  c_p.l(libinit2.o)
    0x0800016a   0x0800016a   0x00000000   Code   RO         3699    .ARM.Collect$$libinit$$0000001D  c_p.l(libinit2.o)
    0x0800016a   0x0800016a   0x00000000   Code   RO         3701    .ARM.Collect$$libinit$$0000001F  c_p.l(libinit2.o)
    0x0800016a   0x0800016a   0x00000000   Code   RO         3703    .ARM.Collect$$libinit$$00000021  c_p.l(libinit2.o)
    0x0800016a   0x0800016a   0x00000000   Code   RO         3705    .ARM.Collect$$libinit$$00000023  c_p.l(libinit2.o)
    0x0800016a   0x0800016a   0x00000000   Code   RO         3707    .ARM.Collect$$libinit$$00000025  c_p.l(libinit2.o)
    0x0800016a   0x0800016a   0x00000000   Code   RO         3711    .ARM.Collect$$libinit$$0000002C  c_p.l(libinit2.o)
    0x0800016a   0x0800016a   0x00000000   Code   RO         3713    .ARM.Collect$$libinit$$0000002E  c_p.l(libinit2.o)
    0x0800016a   0x0800016a   0x00000000   Code   RO         3715    .ARM.Collect$$libinit$$00000030  c_p.l(libinit2.o)
    0x0800016a   0x0800016a   0x00000000   Code   RO         3717    .ARM.Collect$$libinit$$00000032  c_p.l(libinit2.o)
    0x0800016a   0x0800016a   0x00000002   Code   RO         3718    .ARM.Collect$$libinit$$00000033  c_p.l(libinit2.o)
    0x0800016c   0x0800016c   0x00000002   Code   RO         3850    .ARM.Collect$$libshutdown$$00000000  c_p.l(libshutdown.o)
    0x0800016e   0x0800016e   0x00000000   Code   RO         3808    .ARM.Collect$$libshutdown$$00000002  c_p.l(libshutdown2.o)
    0x0800016e   0x0800016e   0x00000000   Code   RO         3810    .ARM.Collect$$libshutdown$$00000004  c_p.l(libshutdown2.o)
    0x0800016e   0x0800016e   0x00000000   Code   RO         3813    .ARM.Collect$$libshutdown$$00000007  c_p.l(libshutdown2.o)
    0x0800016e   0x0800016e   0x00000000   Code   RO         3816    .ARM.Collect$$libshutdown$$0000000A  c_p.l(libshutdown2.o)
    0x0800016e   0x0800016e   0x00000000   Code   RO         3818    .ARM.Collect$$libshutdown$$0000000C  c_p.l(libshutdown2.o)
    0x0800016e   0x0800016e   0x00000000   Code   RO         3821    .ARM.Collect$$libshutdown$$0000000F  c_p.l(libshutdown2.o)
    0x0800016e   0x0800016e   0x00000002   Code   RO         3822    .ARM.Collect$$libshutdown$$00000010  c_p.l(libshutdown2.o)
    0x08000170   0x08000170   0x00000000   Code   RO         3629    .ARM.Collect$$rtentry$$00000000  c_p.l(__rtentry.o)
    0x08000170   0x08000170   0x00000000   Code   RO         3725    .ARM.Collect$$rtentry$$00000002  c_p.l(__rtentry2.o)
    0x08000170   0x08000170   0x00000006   Code   RO         3737    .ARM.Collect$$rtentry$$00000004  c_p.l(__rtentry4.o)
    0x08000176   0x08000176   0x00000000   Code   RO         3727    .ARM.Collect$$rtentry$$00000009  c_p.l(__rtentry2.o)
    0x08000176   0x08000176   0x00000004   Code   RO         3728    .ARM.Collect$$rtentry$$0000000A  c_p.l(__rtentry2.o)
    0x0800017a   0x0800017a   0x00000000   Code   RO         3730    .ARM.Collect$$rtentry$$0000000C  c_p.l(__rtentry2.o)
    0x0800017a   0x0800017a   0x00000008   Code   RO         3731    .ARM.Collect$$rtentry$$0000000D  c_p.l(__rtentry2.o)
    0x08000182   0x08000182   0x00000002   Code   RO         3795    .ARM.Collect$$rtexit$$00000000  c_p.l(rtexit.o)
    0x08000184   0x08000184   0x00000000   Code   RO         3826    .ARM.Collect$$rtexit$$00000002  c_p.l(rtexit2.o)
    0x08000184   0x08000184   0x00000004   Code   RO         3827    .ARM.Collect$$rtexit$$00000003  c_p.l(rtexit2.o)
    0x08000188   0x08000188   0x00000006   Code   RO         3828    .ARM.Collect$$rtexit$$00000004  c_p.l(rtexit2.o)
    0x0800018e   0x0800018e   0x00000002   PAD
    0x08000190   0x08000190   0x00000000   Code   RO         3743    .emb_text           c_p.l(maybetermalloc1.o)
    0x08000190   0x08000190   0x00000038   Code   RO          360  * .text               startup_stm32f0xx.o
    0x080001c8   0x080001c8   0x00000062   Code   RO         3498    .text               c_p.l(h1_alloc.o)
    0x0800022a   0x0800022a   0x0000004c   Code   RO         3500    .text               c_p.l(h1_free.o)
    0x08000276   0x08000276   0x00000002   PAD
    0x08000278   0x08000278   0x00000028   Code   RO         3558    .text               c_p.l(noretval__2sprintf.o)
    0x080002a0   0x080002a0   0x0000004e   Code   RO         3562    .text               c_p.l(_printf_pad.o)
    0x080002ee   0x080002ee   0x00000052   Code   RO         3564    .text               c_p.l(_printf_str.o)
    0x08000340   0x08000340   0x00000026   Code   RO         3566    .text               c_p.l(_printf_charcount.o)
    0x08000366   0x08000366   0x00000002   PAD
    0x08000368   0x08000368   0x00000054   Code   RO         3577    .text               c_p.l(_printf_hex_ptr.o)
    0x080003bc   0x080003bc   0x00000188   Code   RO         3606    .text               c_p.l(__printf_flags_ss_wp.o)
    0x08000544   0x08000544   0x0000004c   Code   RO         3613    .text               c_p.l(strcpy.o)
    0x08000590   0x08000590   0x00000044   Code   RO         3615    .text               c_p.l(strlen.o)
    0x080005d4   0x080005d4   0x000000a0   Code   RO         3617    .text               c_p.l(strncmp.o)
    0x08000674   0x08000674   0x0000015a   Code   RO         3619    .text               c_p.l(aeabi_sdiv.o)
    0x080007ce   0x080007ce   0x00000006   Code   RO         3623    .text               c_p.l(heapauxi.o)
    0x080007d4   0x080007d4   0x00000008   Code   RO         3637    .text               c_p.l(rt_heap_descriptor_intlibspace.o)
    0x080007dc   0x080007dc   0x00000004   Code   RO         3639    .text               c_p.l(hguard.o)
    0x080007e0   0x080007e0   0x00000088   Code   RO         3641    .text               c_p.l(init_alloc.o)
    0x08000868   0x08000868   0x0000000e   Code   RO         3645    .text               c_p.l(h1_init.o)
    0x08000876   0x08000876   0x000000b0   Code   RO         3659    .text               c_p.l(_printf_intcommon.o)
    0x08000926   0x08000926   0x00000002   PAD
    0x08000928   0x08000928   0x00000030   Code   RO         3661    .text               c_p.l(_printf_char_common.o)
    0x08000958   0x08000958   0x0000000a   Code   RO         3663    .text               c_p.l(_sputc.o)
    0x08000962   0x08000962   0x0000002e   Code   RO         3665    .text               c_p.l(_printf_char.o)
    0x08000990   0x08000990   0x00000008   Code   RO         3721    .text               c_p.l(libspace.o)
    0x08000998   0x08000998   0x00000034   Code   RO         3745    .text               c_p.l(h1_extend.o)
    0x080009cc   0x080009cc   0x0000000c   Code   RO         3751    .text               c_p.l(defsig_rtmem_outer.o)
    0x080009d8   0x080009d8   0x00000002   Code   RO         3762    .text               c_p.l(use_no_semi.o)
    0x080009da   0x080009da   0x00000000   Code   RO         3764    .text               c_p.l(indicate_semi.o)
    0x080009da   0x080009da   0x0000003e   Code   RO         3765    .text               c_p.l(sys_stackheap_outer.o)
    0x08000a18   0x08000a18   0x00000010   Code   RO         3772    .text               c_p.l(exit.o)
    0x08000a28   0x08000a28   0x0000000c   Code   RO         3774    .text               c_p.l(defsig_exit.o)
    0x08000a34   0x08000a34   0x00000050   Code   RO         3780    .text               c_p.l(defsig_rtmem_inner.o)
    0x08000a84   0x08000a84   0x0000000c   Code   RO         3792    .text               c_p.l(sys_exit.o)
    0x08000a90   0x08000a90   0x00000034   Code   RO         3803    .text               c_p.l(defsig_general.o)
    0x08000ac4   0x08000ac4   0x0000000c   Code   RO         3823    .text               c_p.l(sys_wrch.o)
    0x08000ad0   0x08000ad0   0x00000090   Code   RO         1266    i.GPIO_Init         stm32f0xx_gpio.o
    0x08000b60   0x08000b60   0x00000044   Code   RO         1267    i.GPIO_PinAFConfig  stm32f0xx_gpio.o
    0x08000ba4   0x08000ba4   0x00000070   Code   RO         1667    i.NVIC_Init         stm32f0xx_misc.o
    0x08000c14   0x08000c14   0x00000078   Code   RO          153    i.NVIC_SetPriority  main.o
    0x08000c8c   0x08000c8c   0x0000016c   Code   RO         1780    i.RCC_GetClocksFreq  stm32f0xx_rcc.o
    0x08000df8   0x08000df8   0x000000d8   Code   RO          365    i.SetSysClock       system_stm32f0xx.o
    0x08000ed0   0x08000ed0   0x00000018   Code   RO          154    i.SysTick_Handler   main.o
    0x08000ee8   0x08000ee8   0x0000007c   Code   RO          367    i.SystemInit        system_stm32f0xx.o
    0x08000f64   0x08000f64   0x00000038   Code   RO          201    i.USART1_IRQHandler  usart.o
    0x08000f9c   0x08000f9c   0x00000044   Code   RO          202    i.USART2_IRQHandler  usart.o
    0x08000fe0   0x08000fe0   0x00000018   Code   RO         3138    i.USART_Cmd         stm32f0xx_usart.o
    0x08000ff8   0x08000ff8   0x00000014   Code   RO         3146    i.USART_GetFlagStatus  stm32f0xx_usart.o
    0x0800100c   0x0800100c   0x0000004e   Code   RO         3147    i.USART_GetITStatus  stm32f0xx_usart.o
    0x0800105a   0x0800105a   0x00000042   Code   RO         3149    i.USART_ITConfig    stm32f0xx_usart.o
    0x0800109c   0x0800109c   0x000000d8   Code   RO         3150    i.USART_Init        stm32f0xx_usart.o
    0x08001174   0x08001174   0x0000000a   Code   RO         3162    i.USART_ReceiveData  stm32f0xx_usart.o
    0x0800117e   0x0800117e   0x00000008   Code   RO         3167    i.USART_SendData    stm32f0xx_usart.o
    0x08001186   0x08001186   0x0000000e   Code   RO         3599    i._is_digit         c_p.l(__printf_wp.o)
    0x08001194   0x08001194   0x00000012   Code   RO            2    i.at_direct_send    at_cmd.o
    0x080011a6   0x080011a6   0x00000002   PAD
    0x080011a8   0x080011a8   0x000000b0   Code   RO            4    i.at_send_receive   at_cmd.o
    0x08001258   0x08001258   0x00000064   Code   RO            5    i.at_wait_till_double_newline  at_cmd.o
    0x080012bc   0x080012bc   0x00000014   Code   RO          136    i.delay_ms          delay.o
    0x080012d0   0x080012d0   0x00000054   Code   RO          308    i.int_to_str        util.o
    0x08001324   0x08001324   0x000003c0   Code   RO          155    i.main              main.o
    0x080016e4   0x080016e4   0x00000020   Code   RO          203    i.usart1_getch      usart.o
    0x08001704   0x08001704   0x0000009c   Code   RO          204    i.usart1_init       usart.o
    0x080017a0   0x080017a0   0x00000020   Code   RO          205    i.usart1_putch      usart.o
    0x080017c0   0x080017c0   0x00000016   Code   RO          207    i.usart1_puts       usart.o
    0x080017d6   0x080017d6   0x00000002   PAD
    0x080017d8   0x080017d8   0x00000014   Code   RO          209    i.usart2_flush_queue  usart.o
    0x080017ec   0x080017ec   0x00000038   Code   RO          210    i.usart2_getch      usart.o
    0x08001824   0x08001824   0x000000a0   Code   RO          211    i.usart2_init       usart.o
    0x080018c4   0x080018c4   0x00000020   Code   RO          212    i.usart2_putch      usart.o
    0x080018e4   0x080018e4   0x0000001c   Code   RO          214    i.usart2_puts       usart.o
    0x08001900   0x08001900   0x00000038   Code   RO          215    i.usart2_rcv_interrupt_en  usart.o
    0x08001938   0x08001938   0x000000a0   Code   RO          321    i.wifi_connect_router  wifi.o
    0x080019d8   0x080019d8   0x0000005c   Code   RO          322    i.wifi_init         wifi.o
    0x08001a34   0x08001a34   0x000000bc   Code   RO          323    i.wifi_open_conn    wifi.o
    0x08001af0   0x08001af0   0x0000005c   Code   RO          324    i.wifi_send_req     wifi.o
    0x08001b4c   0x08001b4c   0x00000028   Data   RO         3578    .constdata          c_p.l(_printf_hex_ptr.o)
    0x08001b74   0x08001b74   0x00000011   Data   RO         3607    .constdata          c_p.l(__printf_flags_ss_wp.o)
    0x08001b85   0x08001b85   0x00000003   PAD
    0x08001b88   0x08001b88   0x0000004f   Data   RO          156    .conststring        main.o
    0x08001bd7   0x08001bd7   0x00000001   PAD
    0x08001bd8   0x08001bd8   0x00000020   Data   RO         3851    Region$$Table       anon$$obj.o


    Execution Region ER_RW (Exec base: 0x20000000, Load base: 0x08001bf8, Size: 0x00000034, Max: 0xffffffff, ABSOLUTE)

    Exec Addr    Load Addr    Size         Type   Attr      Idx    E Section Name        Object

    0x20000000   0x08001bf8   0x00000008   Data   RW          157    .data               main.o
    0x20000008   0x08001c00   0x00000008   Data   RW          217    .data               usart.o
    0x20000010   0x08001c08   0x00000014   Data   RW          368    .data               system_stm32f0xx.o
    0x20000024   0x08001c1c   0x00000010   Data   RW         1804    .data               stm32f0xx_rcc.o


    Execution Region ER_ZI (Exec base: 0x20000034, Load base: 0x08001c2c, Size: 0x00000864, Max: 0xffffffff, ABSOLUTE)

    Exec Addr    Load Addr    Size         Type   Attr      Idx    E Section Name        Object

    0x20000034        -       0x00000200   Zero   RW          216    .bss                usart.o
    0x20000234        -       0x00000060   Zero   RW         3722    .bss                c_p.l(libspace.o)
    0x20000294   0x08001c2c   0x00000004   PAD
    0x20000298        -       0x00000200   Zero   RW          358    HEAP                startup_stm32f0xx.o
    0x20000498        -       0x00000400   Zero   RW          357    STACK               startup_stm32f0xx.o


==============================================================================

Image component sizes


      Code (inc. data)   RO Data    RW Data    ZI Data      Debug   Object Name

       294         30          0          0          0     115193   at_cmd.o
        20          4          0          0          0        451   delay.o
      1104        376         79          8          0       8549   main.o
        56         26        192          0       1536        628   startup_stm32f0xx.o
       212          0          0          0          0       1895   stm32f0xx_gpio.o
       112          6          0          0          0       1012   stm32f0xx_misc.o
       364         24          0         16          0       1856   stm32f0xx_rcc.o
       422         14          0          0          0       5645   stm32f0xx_usart.o
       340         24          0         20          0       2029   system_stm32f0xx.o
       718         96          0          8        512       6815   usart.o
        84          0          0          0          0        753   util.o
       532         86          0          0          0       3115   wifi.o

    ----------------------------------------------------------------------
      4262        686        304         52       2048     147941   Object Totals
         0          0         32          0          0          0   (incl. Generated)
         4          0          1          0          0          0   (incl. Padding)

    ----------------------------------------------------------------------

      Code (inc. data)   RO Data    RW Data    ZI Data      Debug   Library Member Name

         8          0          0          0          0         68   __main.o
       392          6         17          0          0         76   __printf_flags_ss_wp.o
        14          0          0          0          0         60   __printf_wp.o
         0          0          0          0          0          0   __rtentry.o
        12          0          0          0          0          0   __rtentry2.o
         6          0          0          0          0          0   __rtentry4.o
        60          8          0          0          0          0   __scatter.o
        26          0          0          0          0          0   __scatter_copy.o
        28          0          0          0          0          0   __scatter_zi.o
        46          0          0          0          0        100   _printf_char.o
        48          6          0          0          0         88   _printf_char_common.o
        38          0          0          0          0         60   _printf_charcount.o
        84          6         40          0          0         72   _printf_hex_ptr.o
       176          0          0          0          0         84   _printf_intcommon.o
        10          0          0          0          0          0   _printf_n.o
        10          0          0          0          0          0   _printf_p.o
        78          0          0          0          0        100   _printf_pad.o
         2          0          0          0          0          0   _printf_percent.o
         4          0          0          0          0          0   _printf_percent_end.o
        10          0          0          0          0          0   _printf_s.o
        82          0          0          0          0         72   _printf_str.o
        10          0          0          0          0         60   _sputc.o
       346          0          0          0          0         92   aeabi_sdiv.o
        12          0          0          0          0         68   defsig_exit.o
        52          0          0          0          0         72   defsig_general.o
        80         58          0          0          0         68   defsig_rtmem_inner.o
        12          0          0          0          0         68   defsig_rtmem_outer.o
        16          0          0          0          0         68   exit.o
        98          0          0          0          0         72   h1_alloc.o
        52          0          0          0          0         68   h1_extend.o
        76          0          0          0          0         72   h1_free.o
        14          0          0          0          0         76   h1_init.o
         6          0          0          0          0        136   heapauxi.o
         4          0          0          0          0        120   hguard.o
         0          0          0          0          0          0   indicate_semi.o
       136          0          0          0          0        160   init_alloc.o
         2          0          0          0          0          0   libinit.o
        10          0          0          0          0          0   libinit2.o
         2          0          0          0          0          0   libshutdown.o
         2          0          0          0          0          0   libshutdown2.o
         8          4          0          0         96         68   libspace.o
         0          0          0          0          0          0   maybetermalloc1.o
        40          4          0          0          0         84   noretval__2sprintf.o
         8          4          0          0          0         68   rt_heap_descriptor_intlibspace.o
         2          0          0          0          0          0   rtexit.o
        10          0          0          0          0          0   rtexit2.o
        76          6          0          0          0         72   strcpy.o
        68          6          0          0          0         72   strlen.o
       160          6          0          0          0         76   strncmp.o
        12          4          0          0          0         60   sys_exit.o
        62          0          0          0          0         80   sys_stackheap_outer.o
        12          0          0          0          0         68   sys_wrch.o
         2          0          0          0          0         68   use_no_semi.o

    ----------------------------------------------------------------------
      2534        118         60          0        100       2696   Library Totals
        10          0          3          0          4          0   (incl. Padding)

    ----------------------------------------------------------------------

      Code (inc. data)   RO Data    RW Data    ZI Data      Debug   Library Name

      2524        118         57          0         96       2696   c_p.l

    ----------------------------------------------------------------------
      2534        118         60          0        100       2696   Library Totals

    ----------------------------------------------------------------------

==============================================================================


      Code (inc. data)   RO Data    RW Data    ZI Data      Debug   

      6796        804        364         52       2148     147757   Grand Totals
      6796        804        364         52       2148     147757   ELF Image Totals
      6796        804        364         52          0          0   ROM Totals

==============================================================================

    Total RO  Size (Code + RO Data)                 7160 (   6.99kB)
    Total RW  Size (RW Data + ZI Data)              2200 (   2.15kB)
    Total ROM Size (Code + RO Data + RW Data)       7212 (   7.04kB)

==============================================================================

